D:/Data/CodeX/Firmware/Middlewares/AI/Npu/ll_aton/ll_aton_dbgtrc.c:242:5:LL_Dbgtrc_Counter_Start.constprop.isra	0	static
D:/Data/CodeX/Firmware/Middlewares/AI/Npu/ll_aton/ll_aton_dbgtrc.c:33:5:LL_Dbgtrc_Init	8	static
D:/Data/CodeX/Firmware/Middlewares/AI/Npu/ll_aton/ll_aton_dbgtrc.c:68:5:LL_Dbgtrc_Deinit	8	static
D:/Data/CodeX/Firmware/Middlewares/AI/Npu/ll_aton/ll_aton_dbgtrc.c:83:6:LL_Dbgtrc_EnableClock	0	static
D:/Data/CodeX/Firmware/Middlewares/AI/Npu/ll_aton/ll_aton_dbgtrc.c:95:6:LL_Dbgtrc_DisableClock	0	static
D:/Data/CodeX/Firmware/Middlewares/AI/Npu/ll_aton/ll_aton_dbgtrc.c:108:10:LL_Dbgtrc_Read_Stalls	0	static
D:/Data/CodeX/Firmware/Middlewares/AI/Npu/ll_aton/ll_aton_dbgtrc.c:133:5:LL_Dbgtrc_Read_IStall	0	static
D:/Data/CodeX/Firmware/Middlewares/AI/Npu/ll_aton/ll_aton_dbgtrc.c:149:5:LL_Dbgtrc_Read_OStall	0	static
D:/Data/CodeX/Firmware/Middlewares/AI/Npu/ll_aton/ll_aton_dbgtrc.c:167:5:LL_Dbgtrc_Trigger_Init	0	static
D:/Data/CodeX/Firmware/Middlewares/AI/Npu/ll_aton/ll_aton_dbgtrc.c:186:5:LL_Dbgtrc_Trigger_Swtrig	0	static
D:/Data/CodeX/Firmware/Middlewares/AI/Npu/ll_aton/ll_aton_dbgtrc.c:200:5:LL_Dbgtrc_Trigger_GetOVR	0	static
D:/Data/CodeX/Firmware/Middlewares/AI/Npu/ll_aton/ll_aton_dbgtrc.c:216:5:LL_Dbgtrc_Counter_Init	8	static
D:/Data/CodeX/Firmware/Middlewares/AI/Npu/ll_aton/ll_aton_dbgtrc.c:242:5:LL_Dbgtrc_Counter_Start	0	static
D:/Data/CodeX/Firmware/Middlewares/AI/Npu/ll_aton/ll_aton_dbgtrc.c:259:5:LL_Dbgtrc_Counter_Stop	0	static
D:/Data/CodeX/Firmware/Middlewares/AI/Npu/ll_aton/ll_aton_dbgtrc.c:276:10:LL_Dbgtrc_Counter_Read	0	static
D:/Data/CodeX/Firmware/Middlewares/AI/Npu/ll_aton/ll_aton_dbgtrc.c:289:5:LL_Dbgtrc_Counter_BindStart	0	static
D:/Data/CodeX/Firmware/Middlewares/AI/Npu/ll_aton/ll_aton_dbgtrc.c:309:5:LL_Dbgtrc_Counter_BindStop	0	static
D:/Data/CodeX/Firmware/Middlewares/AI/Npu/ll_aton/ll_aton_dbgtrc.c:327:5:LL_Dbgtrc_Counter_StopWatch	40	static
D:/Data/CodeX/Firmware/Middlewares/AI/Npu/ll_aton/ll_aton_dbgtrc.c:507:5:LL_Dbgtrc_Count_IRQs	32	static
D:/Data/CodeX/Firmware/Middlewares/AI/Npu/ll_aton/ll_aton_dbgtrc.c:533:5:LL_Dbgtrc_Count_Epoch_Len	32	static
D:/Data/CodeX/Firmware/Middlewares/AI/Npu/ll_aton/ll_aton_dbgtrc.c:564:5:LL_Dbgtrc_Count_Stalls	32	static
D:/Data/CodeX/Firmware/Middlewares/AI/Npu/ll_aton/ll_aton_dbgtrc.c:591:5:LL_Dbgtrc_Count_StrengActive_Config	48	static
D:/Data/CodeX/Firmware/Middlewares/AI/Npu/ll_aton/ll_aton_dbgtrc.c:634:5:LL_Dbgtrc_Count_StrengActive_Start	16	static
D:/Data/CodeX/Firmware/Middlewares/AI/Npu/ll_aton/ll_aton_dbgtrc.c:655:5:LL_Dbgtrc_Count_StrengActive_Stop	24	static
D:/Data/CodeX/Firmware/Middlewares/AI/Npu/ll_aton/ll_aton_dbgtrc.c:675:5:LL_Dbgtrc_Count_StrengActive_Print	32	static
D:/Data/CodeX/Firmware/Middlewares/AI/Npu/ll_aton/ll_aton_dbgtrc.c:701:14:LL_Dbgtrc_Count_StrengActive_GetMAX	20	static
D:/Data/CodeX/Firmware/Middlewares/AI/Npu/ll_aton/ll_aton_dbgtrc.c:742:5:LL_Dbgtrc_Count_StrengHENV_Config	40	static
D:/Data/CodeX/Firmware/Middlewares/AI/Npu/ll_aton/ll_aton_dbgtrc.c:773:5:LL_Dbgtrc_Count_StrengHENV_Start	16	static
D:/Data/CodeX/Firmware/Middlewares/AI/Npu/ll_aton/ll_aton_dbgtrc.c:790:5:LL_Dbgtrc_Count_StrengHENV_Stop	0	static
D:/Data/CodeX/Firmware/Middlewares/AI/Npu/ll_aton/ll_aton_dbgtrc.c:807:5:LL_Dbgtrc_Count_StrengHENV_Print	32	static
D:/Data/CodeX/Firmware/Middlewares/AI/Npu/ll_aton/ll_aton_dbgtrc.c:837:5:LL_Dbgtrc_Count_BurstsLen	40	static
D:/Data/CodeX/Firmware/Middlewares/AI/Npu/ll_aton/ll_aton_dbgtrc.c:864:5:LL_Dbgtrc_BurstLenBenchStart	8	static
D:/Data/CodeX/Firmware/Middlewares/AI/Npu/ll_aton/ll_aton_dbgtrc.c:879:5:LL_Dbgtrc_BurstLenGet	4	static
D:/Data/CodeX/Firmware/Middlewares/AI/Npu/ll_aton/ll_aton_dbgtrc.c:896:5:LL_Dbgtrc_GetTotalTranfers	80	static
D:/Data/CodeX/Firmware/Middlewares/AI/Npu/ll_aton/ll_aton_dbgtrc.c:930:5:LL_Dbgtrc_LogTransfers	96	static
D:/Data/CodeX/Firmware/Middlewares/AI/Npu/ll_aton/ll_aton_dbgtrc.c:961:5:LL_Dbgtrc_LogTransfers_epoch	24	static
D:/Data/CodeX/Firmware/Middlewares/AI/Npu/ll_aton/ll_aton_dbgtrc.c:1009:5:LL_Dbgtrc_Count_ExtTrigger	32	static
D:/Data/CodeX/Firmware/Middlewares/AI/Npu/ll_aton/ll_aton_dbgtrc.c:1024:5:LL_Dbgtrc_SynchronousCountersTest	48	static
