D:/Data/CodeX/Firmware/Drivers/BSP/LCD/bsp_lcd.c:238:16:bsp_lcd_get_pixel	16	static
D:/Data/CodeX/Firmware/Drivers/BSP/LCD/bsp_lcd.c:257:16:bsp_lcd_set_pixel	20	static
D:/Data/CodeX/Firmware/Drivers/BSP/LCD/bsp_lcd.c:277:16:bsp_lcd_get_x_size	0	static
D:/Data/CodeX/Firmware/Drivers/BSP/LCD/bsp_lcd.c:284:16:bsp_lcd_get_y_size	0	static
D:/Data/CodeX/Firmware/Drivers/BSP/LCD/bsp_lcd.c:291:16:bsp_lcd_set_layer	0	static
D:/Data/CodeX/Firmware/Drivers/BSP/LCD/bsp_lcd.c:324:16:bsp_lcd_get_format	0	static
D:/Data/CodeX/Firmware/Drivers/BSP/LCD/bsp_lcd.c:386:13:bsp_lcd_fill_buffer	32	static
D:/Data/CodeX/Firmware/Drivers/BSP/LCD/bsp_lcd.c:228:16:bsp_lcd_fill_rect	24	static
D:/Data/CodeX/Firmware/Drivers/BSP/LCD/bsp_lcd.c:218:16:bsp_lcd_draw_v_line	24	static
D:/Data/CodeX/Firmware/Drivers/BSP/LCD/bsp_lcd.c:208:16:bsp_lcd_draw_h_line	24	static
D:/Data/CodeX/Firmware/Drivers/BSP/LCD/bsp_lcd.c:345:13:bsp_lcd_convert_line_to_rgb	32	static
D:/Data/CodeX/Firmware/Drivers/BSP/LCD/bsp_lcd.c:174:16:bsp_lcd_fill_rgb_rect	48	static,ignoring_inline_asm
D:/Data/CodeX/Firmware/Drivers/BSP/LCD/bsp_lcd.c:135:16:bsp_lcd_draw_bitmap	40	static
D:/Data/CodeX/Firmware/Drivers/BSP/LCD/bsp_lcd.c:42:6:bsp_lcd_init_ex	8	static
D:/Data/CodeX/Firmware/Drivers/BSP/LCD/bsp_lcd.c:37:6:bsp_lcd_init	0	static
D:/Data/CodeX/Firmware/Drivers/BSP/LCD/bsp_lcd.c:68:6:bsp_lcd_config_layer	72	static
D:/Data/CodeX/Firmware/Drivers/BSP/LCD/bsp_lcd.c:118:6:bsp_lcd_set_brightness	0	static
D:/Data/CodeX/Firmware/Drivers/BSP/LCD/bsp_lcd.c:130:21:bsp_lcd_get_ltdc_handle	0	static
