../../../Drivers/STM32N6xx_HAL_Driver/Inc/stm32n6xx_ll_bus.h:1407:22:LL_AHB4_GRP1_EnableClock	24	static
D:/Data/CodeX/Firmware/FSBL/Core/Src/main.c:72:5:main	24	static,ignoring_inline_asm
D:/Data/CodeX/Firmware/FSBL/Core/Src/main.c:134:6:SystemClock_Config	224	static
D:/Data/CodeX/Firmware/FSBL/Core/Src/main.c:241:13:MX_XSPI1_Init	40	static
D:/Data/CodeX/Firmware/FSBL/Core/Src/main.c:301:13:MX_XSPI2_Init	24	static
D:/Data/CodeX/Firmware/FSBL/Core/Src/main.c:352:13:MX_GPIO_Init	8	static
D:/Data/CodeX/Firmware/FSBL/Core/Src/main.c:374:6:Error_Handler	4	static,ignoring_inline_asm
