D:/Data/CodeX/Firmware/Appli/Core/Src/app_rgb_led.c:40:20:rgb_delay_cycles	0	static,ignoring_inline_asm
D:/Data/CodeX/Firmware/Appli/Core/Src/app_rgb_led.c:82:13:rgb_reset	8	static
D:/Data/CodeX/Firmware/Appli/Core/Src/app_rgb_led.c:50:20:rgb_send_bit	16	static
D:/Data/CodeX/Firmware/Appli/Core/Src/app_rgb_led.c:69:13:rgb_send_byte	8	static
D:/Data/CodeX/Firmware/Appli/Core/Src/app_rgb_led.c:111:6:app_rgb_led_show	16	static,ignoring_inline_asm
D:/Data/CodeX/Firmware/Appli/Core/Src/app_rgb_led.c:133:6:app_rgb_led_clear	40	static
D:/Data/CodeX/Firmware/Appli/Core/Src/app_rgb_led.c:88:6:app_rgb_led_init	40	static
D:/Data/CodeX/Firmware/Appli/Core/Src/app_rgb_led.c:139:6:app_rgb_led_show_class	48	static
