../../../Drivers/STM32N6xx_HAL_Driver/Inc/stm32n6xx_ll_bus.h:1407:22:LL_AHB4_GRP1_EnableClock	8	static
D:/Data/CodeX/Firmware/Appli/Core/Src/main.c:707:13:main_thread_entry	136	static,ignoring_inline_asm
D:/Data/CodeX/Firmware/Appli/Core/Src/main.c:101:5:main	8	static,ignoring_inline_asm
D:/Data/CodeX/Firmware/Appli/Core/Src/main.c:158:6:MX_DMA2D_Init	8	static,ignoring_inline_asm
D:/Data/CodeX/Firmware/Appli/Core/Src/main.c:187:6:MX_I2C2_Init	8	static,ignoring_inline_asm
D:/Data/CodeX/Firmware/Appli/Core/Src/main.c:235:6:MX_LTDC_Init	136	static,ignoring_inline_asm
D:/Data/CodeX/Firmware/Appli/Core/Src/main.c:504:6:MX_XSPI1_Init	48	static,ignoring_inline_asm
D:/Data/CodeX/Firmware/Appli/Core/Src/main.c:564:6:MX_XSPI2_Init	32	static,ignoring_inline_asm
D:/Data/CodeX/Firmware/Appli/Core/Src/main.c:699:6:tx_application_define	40	static,ignoring_inline_asm
D:/Data/CodeX/Firmware/Appli/Core/Src/main.c:914:6:Error_Handler	0	static,ignoring_inline_asm
