../../../Drivers/STM32N6xx_HAL_Driver/Inc/stm32n6xx_ll_bus.h:679:22:LL_MEM_EnableClock	8	static
../../../Drivers/STM32N6xx_HAL_Driver/Inc/stm32n6xx_ll_bus.h:1407:22:LL_AHB4_GRP1_EnableClock	8	static
../../../Drivers/STM32N6xx_HAL_Driver/Inc/stm32n6xx_ll_bus.h:1755:22:LL_AHB5_GRP1_EnableClock	8	static
D:/Data/CodeX/Firmware/Appli/Core/Src/stm32n6xx_hal_msp.c:63:6:HAL_MspInit	8	static
D:/Data/CodeX/Firmware/Appli/Core/Src/stm32n6xx_hal_msp.c:92:6:HAL_DMA2D_MspInit	0	static
D:/Data/CodeX/Firmware/Appli/Core/Src/stm32n6xx_hal_msp.c:115:6:HAL_DMA2D_MspDeInit	0	static
D:/Data/CodeX/Firmware/Appli/Core/Src/stm32n6xx_hal_msp.c:137:6:HAL_I2C_MspInit	432	static
D:/Data/CodeX/Firmware/Appli/Core/Src/stm32n6xx_hal_msp.c:184:6:HAL_I2C_MspDeInit	8	static
D:/Data/CodeX/Firmware/Appli/Core/Src/stm32n6xx_hal_msp.c:215:6:HAL_LTDC_MspInit	448	static
D:/Data/CodeX/Firmware/Appli/Core/Src/stm32n6xx_hal_msp.c:334:6:HAL_LTDC_MspDeInit	8	static
D:/Data/CodeX/Firmware/Appli/Core/Src/stm32n6xx_hal_msp.c:401:6:HAL_RAMCFG_MspInit	16	static
D:/Data/CodeX/Firmware/Appli/Core/Src/stm32n6xx_hal_msp.c:424:6:HAL_RAMCFG_MspDeInit	0	static
D:/Data/CodeX/Firmware/Appli/Core/Src/stm32n6xx_hal_msp.c:447:6:HAL_UART_MspInit	432	static
D:/Data/CodeX/Firmware/Appli/Core/Src/stm32n6xx_hal_msp.c:495:6:HAL_UART_MspDeInit	0	static
D:/Data/CodeX/Firmware/Appli/Core/Src/stm32n6xx_hal_msp.c:526:6:HAL_XSPI_MspInit	448	static
D:/Data/CodeX/Firmware/Appli/Core/Src/stm32n6xx_hal_msp.c:645:6:HAL_XSPI_MspDeInit	8	static
D:/Data/CodeX/Firmware/Appli/Core/Src/stm32n6xx_hal_msp.c:719:6:HAL_CACHEAXI_MspInit	8	static
D:/Data/CodeX/Firmware/Appli/Core/Src/stm32n6xx_hal_msp.c:730:6:HAL_CACHEAXI_MspDeInit	0	static
