D:/Data/CodeX/Firmware/Drivers/BSP/HyperRAM/hyperram.c:124:31:HyperRAM_ReadRegister	48	static
D:/Data/CodeX/Firmware/Drivers/BSP/HyperRAM/hyperram.c:28:24:HyperRAM_Init	48	static
D:/Data/CodeX/Firmware/Drivers/BSP/HyperRAM/hyperram.c:65:24:HyperRAM_EnableMemoryMappedMode	56	static
D:/Data/CodeX/Firmware/Drivers/BSP/HyperRAM/hyperram.c:89:24:HyperRAM_DisableMemoryMappedMode	8	static,ignoring_inline_asm
D:/Data/CodeX/Firmware/Drivers/BSP/HyperRAM/hyperram.c:103:24:HyperRAM_GetMemoryMappedAddress	0	static
