D:/Data/CodeX/Firmware/Model/network.c:1643:13:_ec_blob_cache_start_func_210	0	static
D:/Data/CodeX/Firmware/Model/network.c:1454:13:_ec_blob_cache_start_func_206	0	static
D:/Data/CodeX/Firmware/Model/network.c:1287:13:_ec_blob_cache_start_func_200	0	static
D:/Data/CodeX/Firmware/Model/network.c:1160:13:_ec_blob_cache_start_func_198	0	static
D:/Data/CodeX/Firmware/Model/network.c:1045:13:_ec_blob_cache_start_func_164	8	static
D:/Data/CodeX/Firmware/Model/network.c:882:13:_ec_blob_cache_start_func_143	0	static
D:/Data/CodeX/Firmware/Model/network.c:719:13:_ec_blob_cache_start_func_119	0	static
D:/Data/CodeX/Firmware/Model/network.c:436:13:_ec_blob_cache_start_func_104	8	static
D:/Data/CodeX/Firmware/Model/network.c:137:13:_ec_blob_cache_start_func_1	8	static
D:/Data/CodeX/Firmware/Model/network.c:1476:13:LL_ATON_End_EpochBlock_209	24	static
D:/Data/CodeX/Firmware/Model/network.c:904:13:LL_ATON_End_EpochBlock_163	24	static
D:/Data/CodeX/Firmware/Model/network.c:741:13:LL_ATON_End_EpochBlock_142	24	static
D:/Data/CodeX/Firmware/Model/network.c:578:13:LL_ATON_End_EpochBlock_118	24	static
D:/Data/CodeX/Firmware/Model/network.c:295:13:LL_ATON_End_EpochBlock_103	24	static
D:/Data/CodeX/Firmware/Model/network.c:1381:13:LL_ATON_End_EpochBlock_205	40	static
D:/Data/CodeX/Firmware/Model/network.c:1309:13:LL_ATON_End_EpochBlock_204	40	static
D:/Data/CodeX/Firmware/Model/network.c:1182:13:LL_ATON_End_EpochBlock_199	352	static
D:/Data/CodeX/Firmware/Model/network.c:1075:13:LL_ATON_End_EpochBlock_197	32	static
D:/Data/CodeX/Firmware/Model/network.c:466:13:LL_ATON_End_EpochBlock_117	32	static
D:/Data/CodeX/Firmware/Model/network.c:183:13:LL_ATON_End_EpochBlock_102	32	static
D:/Data/CodeX/Firmware/Model/network.c:80:26:LL_ATON_Set_User_Input_Buffer_Default	0	static
D:/Data/CodeX/Firmware/Model/network.c:95:7:LL_ATON_Get_User_Input_Buffer_Default	0	static
D:/Data/CodeX/Firmware/Model/network.c:105:26:LL_ATON_Set_User_Output_Buffer_Default	0	static
D:/Data/CodeX/Firmware/Model/network.c:120:7:LL_ATON_Get_User_Output_Buffer_Default	0	static
D:/Data/CodeX/Firmware/Model/network_ecblobs.h:10169:6:LL_ATON_EC_Network_Init_Default	16	static
D:/Data/CodeX/Firmware/Model/network_ecblobs.h:10206:6:LL_ATON_EC_Inference_Init_Default	16	static
D:/Data/CodeX/Firmware/Model/network.c:1665:31:LL_ATON_EpochBlockItems_Default	0	static
D:/Data/CodeX/Firmware/Model/network.c:1930:30:LL_ATON_Input_Buffers_Info_Default	0	static
D:/Data/CodeX/Firmware/Model/network.c:9197:30:LL_ATON_Output_Buffers_Info_Default	0	static
D:/Data/CodeX/Firmware/Model/network.c:9236:30:LL_ATON_Internal_Buffers_Info_Default	0	static
