Archive member included to satisfy reference by file (symbol)

D:/App/STM32CubeIDE/plugins/com.st.stm32cube.ide.mcu.externaltools.gnu-tools-for-stm32.12.3.rel1.win32_1.1.0.202410251130/tools/bin/../lib/gcc/arm-none-eabi/12.3.1/../../../../arm-none-eabi/lib/thumb/v8-m.main+dp/hard\libc_nano.a(libc_a-exit.o)
                              D:/App/STM32CubeIDE/plugins/com.st.stm32cube.ide.mcu.externaltools.gnu-tools-for-stm32.12.3.rel1.win32_1.1.0.202410251130/tools/bin/../lib/gcc/arm-none-eabi/12.3.1/../../../../arm-none-eabi/lib/thumb/v8-m.main+dp/hard/crt0.o (exit)
D:/App/STM32CubeIDE/plugins/com.st.stm32cube.ide.mcu.externaltools.gnu-tools-for-stm32.12.3.rel1.win32_1.1.0.202410251130/tools/bin/../lib/gcc/arm-none-eabi/12.3.1/../../../../arm-none-eabi/lib/thumb/v8-m.main+dp/hard\libc_nano.a(libc_a-findfp.o)
                              D:/App/STM32CubeIDE/plugins/com.st.stm32cube.ide.mcu.externaltools.gnu-tools-for-stm32.12.3.rel1.win32_1.1.0.202410251130/tools/bin/../lib/gcc/arm-none-eabi/12.3.1/../../../../arm-none-eabi/lib/thumb/v8-m.main+dp/hard\libc_nano.a(libc_a-exit.o) (__stdio_exit_handler)
D:/App/STM32CubeIDE/plugins/com.st.stm32cube.ide.mcu.externaltools.gnu-tools-for-stm32.12.3.rel1.win32_1.1.0.202410251130/tools/bin/../lib/gcc/arm-none-eabi/12.3.1/../../../../arm-none-eabi/lib/thumb/v8-m.main+dp/hard\libc_nano.a(libc_a-fwalk.o)
                              D:/App/STM32CubeIDE/plugins/com.st.stm32cube.ide.mcu.externaltools.gnu-tools-for-stm32.12.3.rel1.win32_1.1.0.202410251130/tools/bin/../lib/gcc/arm-none-eabi/12.3.1/../../../../arm-none-eabi/lib/thumb/v8-m.main+dp/hard\libc_nano.a(libc_a-findfp.o) (_fwalk_sglue)
D:/App/STM32CubeIDE/plugins/com.st.stm32cube.ide.mcu.externaltools.gnu-tools-for-stm32.12.3.rel1.win32_1.1.0.202410251130/tools/bin/../lib/gcc/arm-none-eabi/12.3.1/../../../../arm-none-eabi/lib/thumb/v8-m.main+dp/hard\libc_nano.a(libc_a-stdio.o)
                              D:/App/STM32CubeIDE/plugins/com.st.stm32cube.ide.mcu.externaltools.gnu-tools-for-stm32.12.3.rel1.win32_1.1.0.202410251130/tools/bin/../lib/gcc/arm-none-eabi/12.3.1/../../../../arm-none-eabi/lib/thumb/v8-m.main+dp/hard\libc_nano.a(libc_a-findfp.o) (__sread)
D:/App/STM32CubeIDE/plugins/com.st.stm32cube.ide.mcu.externaltools.gnu-tools-for-stm32.12.3.rel1.win32_1.1.0.202410251130/tools/bin/../lib/gcc/arm-none-eabi/12.3.1/../../../../arm-none-eabi/lib/thumb/v8-m.main+dp/hard\libc_nano.a(libc_a-memset.o)
                              D:/App/STM32CubeIDE/plugins/com.st.stm32cube.ide.mcu.externaltools.gnu-tools-for-stm32.12.3.rel1.win32_1.1.0.202410251130/tools/bin/../lib/gcc/arm-none-eabi/12.3.1/../../../../arm-none-eabi/lib/thumb/v8-m.main+dp/hard/crt0.o (memset)
D:/App/STM32CubeIDE/plugins/com.st.stm32cube.ide.mcu.externaltools.gnu-tools-for-stm32.12.3.rel1.win32_1.1.0.202410251130/tools/bin/../lib/gcc/arm-none-eabi/12.3.1/../../../../arm-none-eabi/lib/thumb/v8-m.main+dp/hard\libc_nano.a(libc_a-closer.o)
                              D:/App/STM32CubeIDE/plugins/com.st.stm32cube.ide.mcu.externaltools.gnu-tools-for-stm32.12.3.rel1.win32_1.1.0.202410251130/tools/bin/../lib/gcc/arm-none-eabi/12.3.1/../../../../arm-none-eabi/lib/thumb/v8-m.main+dp/hard\libc_nano.a(libc_a-stdio.o) (_close_r)
D:/App/STM32CubeIDE/plugins/com.st.stm32cube.ide.mcu.externaltools.gnu-tools-for-stm32.12.3.rel1.win32_1.1.0.202410251130/tools/bin/../lib/gcc/arm-none-eabi/12.3.1/../../../../arm-none-eabi/lib/thumb/v8-m.main+dp/hard\libc_nano.a(libc_a-reent.o)
                              D:/App/STM32CubeIDE/plugins/com.st.stm32cube.ide.mcu.externaltools.gnu-tools-for-stm32.12.3.rel1.win32_1.1.0.202410251130/tools/bin/../lib/gcc/arm-none-eabi/12.3.1/../../../../arm-none-eabi/lib/thumb/v8-m.main+dp/hard\libc_nano.a(libc_a-closer.o) (errno)
D:/App/STM32CubeIDE/plugins/com.st.stm32cube.ide.mcu.externaltools.gnu-tools-for-stm32.12.3.rel1.win32_1.1.0.202410251130/tools/bin/../lib/gcc/arm-none-eabi/12.3.1/../../../../arm-none-eabi/lib/thumb/v8-m.main+dp/hard\libc_nano.a(libc_a-impure.o)
                              D:/App/STM32CubeIDE/plugins/com.st.stm32cube.ide.mcu.externaltools.gnu-tools-for-stm32.12.3.rel1.win32_1.1.0.202410251130/tools/bin/../lib/gcc/arm-none-eabi/12.3.1/../../../../arm-none-eabi/lib/thumb/v8-m.main+dp/hard\libc_nano.a(libc_a-reent.o) (_impure_ptr)
D:/App/STM32CubeIDE/plugins/com.st.stm32cube.ide.mcu.externaltools.gnu-tools-for-stm32.12.3.rel1.win32_1.1.0.202410251130/tools/bin/../lib/gcc/arm-none-eabi/12.3.1/../../../../arm-none-eabi/lib/thumb/v8-m.main+dp/hard\libc_nano.a(libc_a-lseekr.o)
                              D:/App/STM32CubeIDE/plugins/com.st.stm32cube.ide.mcu.externaltools.gnu-tools-for-stm32.12.3.rel1.win32_1.1.0.202410251130/tools/bin/../lib/gcc/arm-none-eabi/12.3.1/../../../../arm-none-eabi/lib/thumb/v8-m.main+dp/hard\libc_nano.a(libc_a-stdio.o) (_lseek_r)
[...]
Memory Configuration

Name             Origin             Length             Attributes
ROM              0x34180400         0x0003fc00         xrw
RAM              0x341c0000         0x00040000         xrw
*default*        0x00000000         0xffffffff

Linker script and memory map

LOAD D:/App/STM32CubeIDE/plugins/com.st.stm32cube.ide.mcu.externaltools.gnu-tools-for-stm32.12.3.rel1.win32_1.1.0.202410251130/tools/bin/../lib/gcc/arm-none-eabi/12.3.1/thumb/v8-m.main+dp/hard/crti.o
LOAD D:/App/STM32CubeIDE/plugins/com.st.stm32cube.ide.mcu.externaltools.gnu-tools-for-stm32.12.3.rel1.win32_1.1.0.202410251130/tools/bin/../lib/gcc/arm-none-eabi/12.3.1/thumb/v8-m.main+dp/hard/crtbegin.o
LOAD D:/App/STM32CubeIDE/plugins/com.st.stm32cube.ide.mcu.externaltools.gnu-tools-for-stm32.12.3.rel1.win32_1.1.0.202410251130/tools/bin/../lib/gcc/arm-none-eabi/12.3.1/../../../../arm-none-eabi/lib/thumb/v8-m.main+dp/hard/crt0.o
LOAD ./Application/User/Core/extmem_manager.o
LOAD ./Application/User/Core/main.o
LOAD ./Application/User/Core/stm32n6xx_hal_msp.o
LOAD ./Application/User/Core/stm32n6xx_it.o
LOAD ./Application/User/Core/syscalls.o
LOAD ./Application/User/Core/sysmem.o
LOAD ./Application/User/Startup/startup_stm32n647x0hxq_fsbl.o
LOAD ./Drivers/BSP/Src/HyperRAM/hyperram.o
LOAD ./Drivers/BSP/Src/NORFlash/extmem_user_driver.o
LOAD ./Drivers/BSP/Src/NORFlash/norflash.o
LOAD ./Drivers/BSP/Src/NORFlash/norflash_by25fq128el.o
LOAD ./Drivers/BSP/Src/NORFlash/norflash_mx25um25645g.o
LOAD ./Drivers/BSP/Src/NORFlash/norflash_xspi.o
LOAD ./Drivers/CMSIS/system_stm32n6xx_fsbl.o
LOAD ./Drivers/STM32N6xx_HAL_Driver/stm32n6xx_hal.o
LOAD ./Drivers/STM32N6xx_HAL_Driver/stm32n6xx_hal_cortex.o
LOAD ./Drivers/STM32N6xx_HAL_Driver/stm32n6xx_hal_dma.o
LOAD ./Drivers/STM32N6xx_HAL_Driver/stm32n6xx_hal_dma_ex.o
LOAD ./Drivers/STM32N6xx_HAL_Driver/stm32n6xx_hal_exti.o
LOAD ./Drivers/STM32N6xx_HAL_Driver/stm32n6xx_hal_gpio.o
LOAD ./Drivers/STM32N6xx_HAL_Driver/stm32n6xx_hal_pwr.o
LOAD ./Drivers/STM32N6xx_HAL_Driver/stm32n6xx_hal_pwr_ex.o
LOAD ./Drivers/STM32N6xx_HAL_Driver/stm32n6xx_hal_rcc.o
LOAD ./Drivers/STM32N6xx_HAL_Driver/stm32n6xx_hal_rcc_ex.o
LOAD ./Drivers/STM32N6xx_HAL_Driver/stm32n6xx_hal_xspi.o
LOAD ./Middlewares/ST/STM32_ExtMem_Manager/stm32_boot_xip.o
LOAD ./Middlewares/ST/STM32_ExtMem_Manager/stm32_extmem.o
LOAD ./Middlewares/ST/STM32_ExtMem_Manager/stm32_psram_driver.o
LOAD ./Middlewares/ST/STM32_ExtMem_Manager/stm32_sal_sd.o
LOAD ./Middlewares/ST/STM32_ExtMem_Manager/stm32_sal_xspi.o
LOAD ./Middlewares/ST/STM32_ExtMem_Manager/stm32_sdcard_driver.o
LOAD ./Middlewares/ST/STM32_ExtMem_Manager/stm32_sfdp_data.o
LOAD ./Middlewares/ST/STM32_ExtMem_Manager/stm32_sfdp_driver.o
LOAD ./Middlewares/ST/STM32_ExtMem_Manager/stm32_user_driver.o
START GROUP
LOAD D:/App/STM32CubeIDE/plugins/com.st.stm32cube.ide.mcu.externaltools.gnu-tools-for-stm32.12.3.rel1.win32_1.1.0.202410251130/tools/bin/../lib/gcc/arm-none-eabi/12.3.1/../../../../arm-none-eabi/lib/thumb/v8-m.main+dp/hard\libc_nano.a
LOAD D:/App/STM32CubeIDE/plugins/com.st.stm32cube.ide.mcu.externaltools.gnu-tools-for-stm32.12.3.rel1.win32_1.1.0.202410251130/tools/bin/../lib/gcc/arm-none-eabi/12.3.1/../../../../arm-none-eabi/lib/thumb/v8-m.main+dp/hard\libm.a
END GROUP
START GROUP
LOAD D:/App/STM32CubeIDE/plugins/com.st.stm32cube.ide.mcu.externaltools.gnu-tools-for-stm32.12.3.rel1.win32_1.1.0.202410251130/tools/bin/../lib/gcc/arm-none-eabi/12.3.1/thumb/v8-m.main+dp/hard\libgcc.a
LOAD D:/App/STM32CubeIDE/plugins/com.st.stm32cube.ide.mcu.externaltools.gnu-tools-for-stm32.12.3.rel1.win32_1.1.0.202410251130/tools/bin/../lib/gcc/arm-none-eabi/12.3.1/../../../../arm-none-eabi/lib/thumb/v8-m.main+dp/hard\libc_nano.a
END GROUP
START GROUP
LOAD D:/App/STM32CubeIDE/plugins/com.st.stm32cube.ide.mcu.externaltools.gnu-tools-for-stm32.12.3.rel1.win32_1.1.0.202410251130/tools/bin/../lib/gcc/arm-none-eabi/12.3.1/thumb/v8-m.main+dp/hard\libgcc.a
LOAD D:/App/STM32CubeIDE/plugins/com.st.stm32cube.ide.mcu.externaltools.gnu-tools-for-stm32.12.3.rel1.win32_1.1.0.202410251130/tools/bin/../lib/gcc/arm-none-eabi/12.3.1/../../../../arm-none-eabi/lib/thumb/v8-m.main+dp/hard\libc_nano.a
LOAD D:/App/STM32CubeIDE/plugins/com.st.stm32cube.ide.mcu.externaltools.gnu-tools-for-stm32.12.3.rel1.win32_1.1.0.202410251130/tools/bin/../lib/gcc/arm-none-eabi/12.3.1/../../../../arm-none-eabi/lib/thumb/v8-m.main+dp/hard\libnosys.a
END GROUP
START GROUP
LOAD D:/App/STM32CubeIDE/plugins/com.st.stm32cube.ide.mcu.externaltools.gnu-tools-for-stm32.12.3.rel1.win32_1.1.0.202410251130/tools/bin/../lib/gcc/arm-none-eabi/12.3.1/thumb/v8-m.main+dp/hard\libgcc.a
LOAD D:/App/STM32CubeIDE/plugins/com.st.stm32cube.ide.mcu.externaltools.gnu-tools-for-stm32.12.3.rel1.win32_1.1.0.202410251130/tools/bin/../lib/gcc/arm-none-eabi/12.3.1/../../../../arm-none-eabi/lib/thumb/v8-m.main+dp/hard\libc_nano.a
LOAD D:/App/STM32CubeIDE/plugins/com.st.stm32cube.ide.mcu.externaltools.gnu-tools-for-stm32.12.3.rel1.win32_1.1.0.202410251130/tools/bin/../lib/gcc/arm-none-eabi/12.3.1/../../../../arm-none-eabi/lib/thumb/v8-m.main+dp/hard\libnosys.a
END GROUP
LOAD D:/App/STM32CubeIDE/plugins/com.st.stm32cube.ide.mcu.externaltools.gnu-tools-for-stm32.12.3.rel1.win32_1.1.0.202410251130/tools/bin/../lib/gcc/arm-none-eabi/12.3.1/thumb/v8-m.main+dp/hard/crtend.o
LOAD D:/App/STM32CubeIDE/plugins/com.st.stm32cube.ide.mcu.externaltools.gnu-tools-for-stm32.12.3.rel1.win32_1.1.0.202410251130/tools/bin/../lib/gcc/arm-none-eabi/12.3.1/thumb/v8-m.main+dp/hard/crtn.o
                0x34200000                        _estack = (ORIGIN (RAM) + LENGTH (RAM))
                0x341ff800                        _sstack = (_estack - _Min_Stack_Size)
                0x00000200                        _Min_Heap_Size = 0x200
                0x00000800                        _Min_Stack_Size = 0x800

.isr_vector     0x34180400      0x34c
                0x34180400                        . = ALIGN (0x4)
 *(.isr_vector)
 .isr_vector    0x34180400      0x34c ./Application/User/Startup/startup_stm32n647x0hxq_fsbl.o
                0x34180400                g_pfnVectors
                0x3418074c                        . = ALIGN (0x4)

.text           0x3418074c     0xd614
                0x3418074c                        . = ALIGN (0x4)
 *(.text)
 .text          0x3418074c       0x40 D:/App/STM32CubeIDE/plugins/com.st.stm32cube.ide.mcu.externaltools.gnu-tools-for-stm32.12.3.rel1.win32_1.1.0.202410251130/tools/bin/../lib/gcc/arm-none-eabi/12.3.1/thumb/v8-m.main+dp/hard/crtbegin.o
 *(.text*)
 .text.MX_EXTMEM_MANAGER_Init
                0x3418078c       0x24 ./Application/User/Core/extmem_manager.o
                0x3418078c                MX_EXTMEM_MANAGER_Init
 .text.LL_AHB4_GRP1_EnableClock
                0x341807b0       0x2c ./Application/User/Core/main.o
 .text.main     0x341807dc      0x114 ./Application/User/Core/main.o
                0x341807dc                main
 .text.SystemClock_Config
                0x341808f0      0x194 ./Application/User/Core/main.o
                0x341808f0                SystemClock_Config
 .text.MX_XSPI1_Init
                0x34180a84       0xf0 ./Application/User/Core/main.o
 .text.MX_XSPI2_Init
                0x34180b74       0xb8 ./Application/User/Core/main.o
 .text.MX_GPIO_Init
                0x34180c2c       0x20 ./Application/User/Core/main.o
 .text.Error_Handler
                0x34180c4c        0xc ./Application/User/Core/main.o
                0x34180c4c                Error_Handler
 .text.LL_AHB4_GRP1_EnableClock
                0x34180c58       0x2c ./Application/User/Core/stm32n6xx_hal_msp.o
 .text.LL_AHB5_GRP1_EnableClock
                0x34180c84       0x2c ./Application/User/Core/stm32n6xx_hal_msp.o
 .text.HAL_MspInit
                0x34180cb0       0x2c ./Application/User/Core/stm32n6xx_hal_msp.o
                0x34180cb0                HAL_MspInit
 .text.HAL_XSPI_MspInit
                0x34180cdc      0x1cc ./Application/User/Core/stm32n6xx_hal_msp.o
                0x34180cdc                HAL_XSPI_MspInit
 .text.NMI_Handler
                0x34180ea8        0x8 ./Application/User/Core/stm32n6xx_it.o
                0x34180ea8                NMI_Handler
 .text.HardFault_Handler
                0x34180eb0        0x8 ./Application/User/Core/stm32n6xx_it.o
                0x34180eb0                HardFault_Handler
 .text.MemManage_Handler
                0x34180eb8        0x8 ./Application/User/Core/stm32n6xx_it.o
                0x34180eb8                MemManage_Handler
 .text.BusFault_Handler
                0x34180ec0        0x8 ./Application/User/Core/stm32n6xx_it.o
                0x34180ec0                BusFault_Handler
 .text.UsageFault_Handler
                0x34180ec8        0x8 ./Application/User/Core/stm32n6xx_it.o
                0x34180ec8                UsageFault_Handler
 .text.SecureFault_Handler
                0x34180ed0        0x8 ./Application/User/Core/stm32n6xx_it.o
                0x34180ed0                SecureFault_Handler
 .text.SVC_Handler
                0x34180ed8        0xe ./Application/User/Core/stm32n6xx_it.o
                0x34180ed8                SVC_Handler
 .text.DebugMon_Handler
                0x34180ee6        0xe ./Application/User/Core/stm32n6xx_it.o
                0x34180ee6                DebugMon_Handler
 .text.PendSV_Handler
                0x34180ef4        0xe ./Application/User/Core/stm32n6xx_it.o
                0x34180ef4                PendSV_Handler
 .text.SysTick_Handler
                0x34180f02        0xc ./Application/User/Core/stm32n6xx_it.o
                0x34180f02                SysTick_Handler
 *fill*         0x34180f0e        0x2 
 .text.Reset_Handler
                0x34180f10       0x5c ./Application/User/Startup/startup_stm32n647x0hxq_fsbl.o
                0x34180f10                Reset_Handler
 .text.Default_Handler
                0x34180f6c        0x2 ./Application/User/Startup/startup_stm32n647x0hxq_fsbl.o
                0x34180f6c                HPDMA1_Channel13_IRQHandler
                0x34180f6c                EXTI2_IRQHandler
                0x34180f6c                TIM8_CC_IRQHandler
                0x34180f6c                USB2_OTG_HS_IRQHandler
                0x34180f6c                SAI1_A_IRQHandler
                0x34180f6c                EXTI5_IRQHandler
                0x34180f6c                I3C1_ER_IRQHandler
                0x34180f6c                UART8_IRQHandler
                0x34180f6c                CTI_INT0_IRQHandler
                0x34180f6c                SPI4_IRQHandler
                0x34180f6c                LTDC_LO_IRQHandler
                0x34180f6c                NPU2_IRQHandler
                0x34180f6c                FDCAN3_IT0_IRQHandler
                0x34180f6c                EXTI13_IRQHandler
                0x34180f6c                TIM1_CC_IRQHandler
                0x34180f6c                XSPI1_IRQHandler
                0x34180f6c                TIM10_IRQHandler
                0x34180f6c                JPEG_IRQHandler
                0x34180f6c                TAMP_IRQHandler
                0x34180f6c                CACHE_ECC_IRQHandler
                0x34180f6c                TIM6_IRQHandler
                0x34180f6c                CSI_IRQHandler
                0x34180f6c                EXTI12_IRQHandler
                0x34180f6c                GFXTIM_IRQHandler
                0x34180f6c                EXTI3_IRQHandler
                0x34180f6c                LPTIM4_IRQHandler
                0x34180f6c                GPDMA1_Channel5_IRQHandler
                0x34180f6c                EXTI8_IRQHandler
                0x34180f6c                LPTIM2_IRQHandler
                0x34180f6c                GFXMMU_IRQHandler
                0x34180f6c                LTDC_LO_ERR_IRQHandler
                0x34180f6c                I2C3_ER_IRQHandler
                0x34180f6c                RIFSC_TAMPER_IRQHandler
                0x34180f6c                USART10_IRQHandler
                0x34180f6c                MDF1_FLT2_IRQHandler
                0x34180f6c                LPTIM3_IRQHandler
                0x34180f6c                SAI2_A_IRQHandler
                0x34180f6c                EXTI0_IRQHandler
                0x34180f6c                HPDMA1_Channel9_IRQHandler
                0x34180f6c                I2C2_EV_IRQHandler
                0x34180f6c                GPU2D_IRQHandler
                0x34180f6c                FPU_IRQHandler
                0x34180f6c                GPDMA1_Channel3_IRQHandler
                0x34180f6c                GPDMA1_Channel7_IRQHandler
                0x34180f6c                MDF1_FLT4_IRQHandler
                0x34180f6c                FDCAN1_IT1_IRQHandler
                0x34180f6c                HPDMA1_Channel3_IRQHandler
                0x34180f6c                ADC1_2_IRQHandler
                0x34180f6c                GPDMA1_Channel9_IRQHandler
                0x34180f6c                SPI1_IRQHandler
                0x34180f6c                CACHEAXI_IRQHandler
                0x34180f6c                SAI1_B_IRQHandler
                0x34180f6c                GPDMA1_Channel2_IRQHandler
                0x34180f6c                PAHB_ERR_IRQHandler
                0x34180f6c                TIM8_UP_IRQHandler
                0x34180f6c                RCC_S_IRQHandler
                0x34180f6c                MDF1_FLT1_IRQHandler
                0x34180f6c                LTDC_UP_IRQHandler
                0x34180f6c                LOCKUP_IRQHandler
                0x34180f6c                PKA_IRQHandler
                0x34180f6c                USART6_IRQHandler
                0x34180f6c                HPDMA1_Channel2_IRQHandler
                0x34180f6c                MDF1_FLT5_IRQHandler
                0x34180f6c                I3C2_ER_IRQHandler
                0x34180f6c                EXTI15_IRQHandler
                0x34180f6c                TIM17_IRQHandler
                0x34180f6c                USART3_IRQHandler
                0x34180f6c                HPDMA1_Channel6_IRQHandler
                0x34180f6c                RTC_IRQHandler
                0x34180f6c                XSPI2_IRQHandler
                0x34180f6c                EXTI9_IRQHandler
                0x34180f6c                IAC_IRQHandler
                0x34180f6c                HPDMA1_Channel0_IRQHandler
                0x34180f6c                LPTIM5_IRQHandler
                0x34180f6c                HPDMA1_Channel1_IRQHandler
                0x34180f6c                UART5_IRQHandler
                0x34180f6c                TIM4_IRQHandler
                0x34180f6c                NPU3_IRQHandler
                0x34180f6c                I3C2_EV_IRQHandler
                0x34180f6c                I2C1_EV_IRQHandler
                0x34180f6c                FDCAN_CU_IRQHandler
                0x34180f6c                GPDMA1_Channel12_IRQHandler
                0x34180f6c                HPDMA1_Channel7_IRQHandler
                0x34180f6c                GPDMA1_Channel1_IRQHandler
                0x34180f6c                TIM16_IRQHandler
                0x34180f6c                GPDMA1_Channel15_IRQHandler
                0x34180f6c                UART4_IRQHandler
                0x34180f6c                TCM_ECC_IRQHandler
                0x34180f6c                TIM3_IRQHandler
                0x34180f6c                RCC_IRQHandler
                0x34180f6c                UART9_IRQHandler
                0x34180f6c                NPU1_IRQHandler
                0x34180f6c                SAI2_B_IRQHandler
                0x34180f6c                Default_Handler
                0x34180f6c                GPDMA1_Channel8_IRQHandler
                0x34180f6c                HPDMA1_Channel8_IRQHandler
                0x34180f6c                TIM18_IRQHandler
                0x34180f6c                TIM14_IRQHandler
                0x34180f6c                TIM13_IRQHandler
                0x34180f6c                CTI_INT1_IRQHandler
                0x34180f6c                GPDMA1_Channel11_IRQHandler
                0x34180f6c                GPU2D_ER_IRQHandler
                0x34180f6c                SPI5_IRQHandler
                0x34180f6c                TIM12_IRQHandler
                0x34180f6c                TIM7_IRQHandler
                0x34180f6c                FDCAN3_IT1_IRQHandler
                0x34180f6c                HPDMA1_Channel10_IRQHandler
                0x34180f6c                SDMMC1_IRQHandler
                0x34180f6c                TIM5_IRQHandler
                0x34180f6c                UCPD1_IRQHandler
                0x34180f6c                GPDMA1_Channel0_IRQHandler
                0x34180f6c                I3C1_EV_IRQHandler
                0x34180f6c                HPDMA1_Channel5_IRQHandler
                0x34180f6c                TIM15_IRQHandler
                0x34180f6c                I2C3_EV_IRQHandler
                0x34180f6c                HPDMA1_Channel4_IRQHandler
                0x34180f6c                HPDMA1_Channel15_IRQHandler
                0x34180f6c                TIM9_IRQHandler
                0x34180f6c                ETH1_IRQHandler
                0x34180f6c                USB1_OTG_HS_IRQHandler
                0x34180f6c                PVD_PVM_IRQHandler
                0x34180f6c                SPI2_IRQHandler
                0x34180f6c                TIM1_TRG_CCU_IRQHandler
                0x34180f6c                HPDMA1_Channel11_IRQHandler
                0x34180f6c                EXTI14_IRQHandler
                0x34180f6c                EXTI11_IRQHandler
                0x34180f6c                VENC_IRQHandler
                0x34180f6c                GPDMA1_Channel14_IRQHandler
                0x34180f6c                EXTI4_IRQHandler
                0x34180f6c                RTC_S_IRQHandler
                0x34180f6c                GPDMA1_Channel13_IRQHandler
                0x34180f6c                RNG_IRQHandler
                0x34180f6c                XSPI3_IRQHandler
                0x34180f6c                FDCAN2_IT1_IRQHandler
                0x34180f6c                TIM1_UP_IRQHandler
                0x34180f6c                NPU0_IRQHandler
                0x34180f6c                BCK_ECC_IRQHandler
                0x34180f6c                WWDG_IRQHandler
                0x34180f6c                SPI6_IRQHandler
                0x34180f6c                MDIOS_IRQHandler
                0x34180f6c                I2C4_EV_IRQHandler
                0x34180f6c                FDCAN2_IT0_IRQHandler
                0x34180f6c                HPDMA1_Channel14_IRQHandler
                0x34180f6c                LPUART1_IRQHandler
                0x34180f6c                FDCAN1_IT0_IRQHandler
                0x34180f6c                MDF1_FLT0_IRQHandler
                0x34180f6c                TIM2_IRQHandler
                0x34180f6c                GPDMA1_Channel4_IRQHandler
                0x34180f6c                EXTI7_IRQHandler
                0x34180f6c                DMA2D_IRQHandler
                0x34180f6c                TIM1_BRK_IRQHandler
                0x34180f6c                EXTI1_IRQHandler
                0x34180f6c                SDMMC2_IRQHandler
                0x34180f6c                TIM11_IRQHandler
                0x34180f6c                LTDC_UP_ERR_IRQHandler
                0x34180f6c                UART7_IRQHandler
                0x34180f6c                DTS_IRQHandler
                0x34180f6c                MDF1_FLT3_IRQHandler
                0x34180f6c                USART2_IRQHandler
                0x34180f6c                GPDMA1_Channel6_IRQHandler
                0x34180f6c                ADF1_FLT0_IRQHandler
                0x34180f6c                I2C2_ER_IRQHandler
                0x34180f6c                SPDIFRX_IRQHandler
                0x34180f6c                TIM8_BRK_IRQHandler
                0x34180f6c                HPDMA1_Channel12_IRQHandler
                0x34180f6c                USART1_IRQHandler
                0x34180f6c                EXTI10_IRQHandler
                0x34180f6c                SPI3_IRQHandler
                0x34180f6c                WAKEUP_PIN_IRQHandler
                0x34180f6c                DCMIPP_IRQHandler
                0x34180f6c                I2C1_ER_IRQHandler
                0x34180f6c                FMC_IRQHandler
                0x34180f6c                EXTI6_IRQHandler
                0x34180f6c                LPTIM1_IRQHandler
                0x34180f6c                DCMI_PSSI_IRQHandler
                0x34180f6c                TIM8_TRG_CCU_IRQHandler
                0x34180f6c                I2C4_ER_IRQHandler
                0x34180f6c                GPDMA1_Channel10_IRQHandler
                0x34180f6c                ICACHE_IRQHandler
                0x34180f6c                HASH_IRQHandler
 .text.HyperRAM_Init
                0x34180f6e       0xae ./Drivers/BSP/Src/HyperRAM/hyperram.o
                0x34180f6e                HyperRAM_Init
 .text.HyperRAM_EnableMemoryMappedMode
                0x3418101c       0x78 ./Drivers/BSP/Src/HyperRAM/hyperram.o
                0x3418101c                HyperRAM_EnableMemoryMappedMode
 .text.HyperRAM_ReadRegister
                0x34181094       0x70 ./Drivers/BSP/Src/HyperRAM/hyperram.o
 .text.HyperRAM_WriteRegister
                0x34181104       0x72 ./Drivers/BSP/Src/HyperRAM/hyperram.o
 .text.HyperRAM_GetID0
                0x34181176       0x34 ./Drivers/BSP/Src/HyperRAM/hyperram.o
 .text.HyperRAM_GetID1
                0x341811aa       0x34 ./Drivers/BSP/Src/HyperRAM/hyperram.o
 .text.HyperRAM_EnableDifferentialClock
                0x341811de       0x5a ./Drivers/BSP/Src/HyperRAM/hyperram.o
 .text.EXTMEM_DRIVER_USER_Init
                0x34181238       0x50 ./Drivers/BSP/Src/NORFlash/extmem_user_driver.o
                0x34181238                EXTMEM_DRIVER_USER_Init
 .text.EXTMEM_DRIVER_USER_DeInit
                0x34181288       0x32 ./Drivers/BSP/Src/NORFlash/extmem_user_driver.o
                0x34181288                EXTMEM_DRIVER_USER_DeInit
 .text.EXTMEM_DRIVER_USER_Enable_MemoryMappedMode
                0x341812ba       0x2c ./Drivers/BSP/Src/NORFlash/extmem_user_driver.o
                0x341812ba                EXTMEM_DRIVER_USER_Enable_MemoryMappedMode
 .text.EXTMEM_DRIVER_USER_Disable_MemoryMappedMode
                0x341812e6       0x2c ./Drivers/BSP/Src/NORFlash/extmem_user_driver.o
                0x341812e6                EXTMEM_DRIVER_USER_Disable_MemoryMappedMode
 .text.EXTMEM_DRIVER_USER_GetMapAddress
                0x34181312       0x30 ./Drivers/BSP/Src/NORFlash/extmem_user_driver.o
                0x34181312                EXTMEM_DRIVER_USER_GetMapAddress
 *fill*         0x34181342        0x2 
 .text.NORFlash_Init
                0x34181344      0x11c ./Drivers/BSP/Src/NORFlash/norflash.o
                0x34181344                NORFlash_Init
 .text.NORFlash_Deinit
                0x34181460       0x1a ./Drivers/BSP/Src/NORFlash/norflash.o
                0x34181460                NORFlash_Deinit
 *fill*         0x3418147a        0x2 
 .text.NORFlash_Reset
                0x3418147c       0x70 ./Drivers/BSP/Src/NORFlash/norflash.o
                0x3418147c                NORFlash_Reset
 .text.NORFlash_WaitBusy
                0x341814ec       0x72 ./Drivers/BSP/Src/NORFlash/norflash.o
                0x341814ec                NORFlash_WaitBusy
 .text.NORFlash_EnableWrite
                0x3418155e       0x88 ./Drivers/BSP/Src/NORFlash/norflash.o
                0x3418155e                NORFlash_EnableWrite
 .text.NORFlash_EnableMemoryMappedMode
                0x341815e6       0x40 ./Drivers/BSP/Src/NORFlash/norflash.o
                0x341815e6                NORFlash_EnableMemoryMappedMode
 .text.NORFlash_DisableMemoryMappedMode
                0x34181626       0x26 ./Drivers/BSP/Src/NORFlash/norflash.o
                0x34181626                NORFlash_DisableMemoryMappedMode
 .text.NORFlash_GetMemoryMappedAddress
                0x3418164c       0x50 ./Drivers/BSP/Src/NORFlash/norflash.o
                0x3418164c                NORFlash_GetMemoryMappedAddress
 .text.BY25FQ128EL_Init
                0x3418169c      0x240 ./Drivers/BSP/Src/NORFlash/norflash_by25fq128el.o
 .text.NORFlash_BY25FQ128EL_Init
                0x341818dc       0x22 ./Drivers/BSP/Src/NORFlash/norflash_by25fq128el.o
                0x341818dc                NORFlash_BY25FQ128EL_Init
 .text.NORFlash_DUAL_BY25FQ128EL_Init
                0x341818fe       0x22 ./Drivers/BSP/Src/NORFlash/norflash_by25fq128el.o
                0x341818fe                NORFlash_DUAL_BY25FQ128EL_Init
 .text.NORFlash_MX25UM25645G_Init
                0x34181920       0xec ./Drivers/BSP/Src/NORFlash/norflash_mx25um25645g.o
                0x34181920                NORFlash_MX25UM25645G_Init
 .text.NORFlash_XSPI_Init
                0x34181a0c       0x8e ./Drivers/BSP/Src/NORFlash/norflash_xspi.o
                0x34181a0c                NORFlash_XSPI_Init
 .text.NORFlash_XSPI_Deinit
                0x34181a9a       0x1a ./Drivers/BSP/Src/NORFlash/norflash_xspi.o
                0x34181a9a                NORFlash_XSPI_Deinit
 .text.NORFlash_XSPI_SetClock
                0x34181ab4       0x66 ./Drivers/BSP/Src/NORFlash/norflash_xspi.o
                0x34181ab4                NORFlash_XSPI_SetClock
 .text.NORFlash_XSPI_EnableMapMode
                0x34181b1a       0xea ./Drivers/BSP/Src/NORFlash/norflash_xspi.o
                0x34181b1a                NORFlash_XSPI_EnableMapMode
 .text.NORFlash_XSPI_DisableMapMode
                0x34181c04       0x2c ./Drivers/BSP/Src/NORFlash/norflash_xspi.o
                0x34181c04                NORFlash_XSPI_DisableMapMode
 .text.NORFlash_XSPI_ConfigPHYLink
                0x34181c30      0x10e ./Drivers/BSP/Src/NORFlash/norflash_xspi.o
                0x34181c30                NORFlash_XSPI_ConfigPHYLink
 .text.NORFlash_XSPI_CommandSendData
                0x34181d3e       0xa4 ./Drivers/BSP/Src/NORFlash/norflash_xspi.o
                0x34181d3e                NORFlash_XSPI_CommandSendData
 .text.NORFlash_XSPI_CommandRead
                0x34181de2       0xa4 ./Drivers/BSP/Src/NORFlash/norflash_xspi.o
                0x34181de2                NORFlash_XSPI_CommandRead
 .text.NORFlash_XSPI_CommandSendAddressReadData
                0x34181e86       0xac ./Drivers/BSP/Src/NORFlash/norflash_xspi.o
                0x34181e86                NORFlash_XSPI_CommandSendAddressReadData
 .text.NORFlash_XSPI_CommandSendAddressSendData
                0x34181f32       0xac ./Drivers/BSP/Src/NORFlash/norflash_xspi.o
                0x34181f32                NORFlash_XSPI_CommandSendAddressSendData
 .text.NORFlash_XSPI_WaitStatusRegister
                0x34181fde       0xdc ./Drivers/BSP/Src/NORFlash/norflash_xspi.o
                0x34181fde                NORFlash_XSPI_WaitStatusRegister
 *fill*         0x341820ba        0x2 
 .text.SystemInit
                0x341820bc      0x1cc ./Drivers/CMSIS/system_stm32n6xx_fsbl.o
                0x341820bc                SystemInit
 .text.SystemCoreClockUpdate
                0x34182288      0x350 ./Drivers/CMSIS/system_stm32n6xx_fsbl.o
                0x34182288                SystemCoreClockUpdate
 .text.SECURE_SystemCoreClockUpdate
                0x341825d8       0x2c ./Drivers/CMSIS/system_stm32n6xx_fsbl.o
                0x341825d8                __acle_se_SECURE_SystemCoreClockUpdate
 .text.HAL_Init
                0x34182604       0x28 ./Drivers/STM32N6xx_HAL_Driver/stm32n6xx_hal.o
                0x34182604                HAL_Init
 .text.HAL_InitTick
                0x3418262c       0x6c ./Drivers/STM32N6xx_HAL_Driver/stm32n6xx_hal.o
                0x3418262c                HAL_InitTick
 .text.HAL_IncTick
                0x34182698       0x28 ./Drivers/STM32N6xx_HAL_Driver/stm32n6xx_hal.o
                0x34182698                HAL_IncTick
 .text.HAL_GetTick
                0x341826c0       0x18 ./Drivers/STM32N6xx_HAL_Driver/stm32n6xx_hal.o
                0x341826c0                HAL_GetTick
 .text.HAL_Delay
                0x341826d8       0x48 ./Drivers/STM32N6xx_HAL_Driver/stm32n6xx_hal.o
                0x341826d8                HAL_Delay
 .text.HAL_SuspendTick
                0x34182720       0x20 ./Drivers/STM32N6xx_HAL_Driver/stm32n6xx_hal.o
                0x34182720                HAL_SuspendTick
 .text.__NVIC_SetPriorityGrouping
                0x34182740       0x48 ./Drivers/STM32N6xx_HAL_Driver/stm32n6xx_hal_cortex.o
 .text.__NVIC_GetPriorityGrouping
                0x34182788       0x1c ./Drivers/STM32N6xx_HAL_Driver/stm32n6xx_hal_cortex.o
 .text.__NVIC_SetPriority
                0x341827a4       0x54 ./Drivers/STM32N6xx_HAL_Driver/stm32n6xx_hal_cortex.o
 .text.NVIC_EncodePriority
                0x341827f8       0x66 ./Drivers/STM32N6xx_HAL_Driver/stm32n6xx_hal_cortex.o
 *fill*         0x3418285e        0x2 
 .text.SysTick_Config
                0x34182860       0x44 ./Drivers/STM32N6xx_HAL_Driver/stm32n6xx_hal_cortex.o
 .text.HAL_NVIC_SetPriorityGrouping
                0x341828a4       0x16 ./Drivers/STM32N6xx_HAL_Driver/stm32n6xx_hal_cortex.o
                0x341828a4                HAL_NVIC_SetPriorityGrouping
 .text.HAL_NVIC_SetPriority
                0x341828ba       0x3a ./Drivers/STM32N6xx_HAL_Driver/stm32n6xx_hal_cortex.o
                0x341828ba                HAL_NVIC_SetPriority
 .text.HAL_SYSTICK_Config
                0x341828f4       0x18 ./Drivers/STM32N6xx_HAL_Driver/stm32n6xx_hal_cortex.o
                0x341828f4                HAL_SYSTICK_Config
 .text.HAL_DMA_Abort
                0x3418290c       0xf8 ./Drivers/STM32N6xx_HAL_Driver/stm32n6xx_hal_dma.o
                0x3418290c                HAL_DMA_Abort
 .text.HAL_GPIO_Init
                0x34182a04      0x364 ./Drivers/STM32N6xx_HAL_Driver/stm32n6xx_hal_gpio.o
                0x34182a04                HAL_GPIO_Init
 .text.HAL_PWREx_ConfigSupply
                0x34182d68       0x50 ./Drivers/STM32N6xx_HAL_Driver/stm32n6xx_hal_pwr_ex.o
                0x34182d68                HAL_PWREx_ConfigSupply
 .text.HAL_PWREx_ConfigVddIORange
                0x34182db8       0xa4 ./Drivers/STM32N6xx_HAL_Driver/stm32n6xx_hal_pwr_ex.o
                0x34182db8                HAL_PWREx_ConfigVddIORange
 .text.HAL_PWREx_EnableVddIO2
                0x34182e5c       0x20 ./Drivers/STM32N6xx_HAL_Driver/stm32n6xx_hal_pwr_ex.o
                0x34182e5c                HAL_PWREx_EnableVddIO2
 .text.HAL_PWREx_EnableVddIO3
                0x34182e7c       0x20 ./Drivers/STM32N6xx_HAL_Driver/stm32n6xx_hal_pwr_ex.o
                0x34182e7c                HAL_PWREx_EnableVddIO3
 .text.HAL_PWREx_EnableVddIO4
                0x34182e9c       0x20 ./Drivers/STM32N6xx_HAL_Driver/stm32n6xx_hal_pwr_ex.o
                0x34182e9c                HAL_PWREx_EnableVddIO4
 .text.LL_RCC_HSE_IsReady
                0x34182ebc       0x24 ./Drivers/STM32N6xx_HAL_Driver/stm32n6xx_hal_rcc.o
 .text.LL_RCC_HSI_Enable
                0x34182ee0       0x1c ./Drivers/STM32N6xx_HAL_Driver/stm32n6xx_hal_rcc.o
 .text.LL_RCC_HSI_Disable
                0x34182efc       0x20 ./Drivers/STM32N6xx_HAL_Driver/stm32n6xx_hal_rcc.o
 .text.LL_RCC_HSI_IsReady
                0x34182f1c       0x24 ./Drivers/STM32N6xx_HAL_Driver/stm32n6xx_hal_rcc.o
 .text.LL_RCC_HSI_SetDivider
                0x34182f40       0x28 ./Drivers/STM32N6xx_HAL_Driver/stm32n6xx_hal_rcc.o
 .text.LL_RCC_HSI_GetDivider
                0x34182f68       0x1c ./Drivers/STM32N6xx_HAL_Driver/stm32n6xx_hal_rcc.o
 .text.LL_RCC_HSI_SetCalibTrimming
                0x34182f84       0x2c ./Drivers/STM32N6xx_HAL_Driver/stm32n6xx_hal_rcc.o
 .text.LL_RCC_MSI_Enable
                0x34182fb0       0x1c ./Drivers/STM32N6xx_HAL_Driver/stm32n6xx_hal_rcc.o
 .text.LL_RCC_MSI_Disable
                0x34182fcc       0x20 ./Drivers/STM32N6xx_HAL_Driver/stm32n6xx_hal_rcc.o
 .text.LL_RCC_MSI_IsReady
                0x34182fec       0x24 ./Drivers/STM32N6xx_HAL_Driver/stm32n6xx_hal_rcc.o
 .text.LL_RCC_MSI_SetFrequency
                0x34183010       0x28 ./Drivers/STM32N6xx_HAL_Driver/stm32n6xx_hal_rcc.o
 .text.LL_RCC_MSI_GetFrequency
                0x34183038       0x1c ./Drivers/STM32N6xx_HAL_Driver/stm32n6xx_hal_rcc.o
 .text.LL_RCC_MSI_SetCalibTrimming
                0x34183054       0x2c ./Drivers/STM32N6xx_HAL_Driver/stm32n6xx_hal_rcc.o
 .text.LL_RCC_LSE_IsReady
                0x34183080       0x24 ./Drivers/STM32N6xx_HAL_Driver/stm32n6xx_hal_rcc.o
 .text.LL_RCC_LSI_Enable
                0x341830a4       0x1c ./Drivers/STM32N6xx_HAL_Driver/stm32n6xx_hal_rcc.o
 .text.LL_RCC_LSI_Disable
                0x341830c0       0x20 ./Drivers/STM32N6xx_HAL_Driver/stm32n6xx_hal_rcc.o
 .text.LL_RCC_LSI_IsReady
                0x341830e0       0x1c ./Drivers/STM32N6xx_HAL_Driver/stm32n6xx_hal_rcc.o
 .text.LL_RCC_GetCpuClkSource
                0x341830fc       0x1c ./Drivers/STM32N6xx_HAL_Driver/stm32n6xx_hal_rcc.o
 .text.LL_RCC_GetSysClkSource
                0x34183118       0x1c ./Drivers/STM32N6xx_HAL_Driver/stm32n6xx_hal_rcc.o
 .text.LL_RCC_PLL1_GetSource
                0x34183134       0x1c ./Drivers/STM32N6xx_HAL_Driver/stm32n6xx_hal_rcc.o
 .text.LL_RCC_PLL1_IsReady
                0x34183150       0x28 ./Drivers/STM32N6xx_HAL_Driver/stm32n6xx_hal_rcc.o
 .text.LL_RCC_PLL1_IsEnabledBypass
                0x34183178       0x28 ./Drivers/STM32N6xx_HAL_Driver/stm32n6xx_hal_rcc.o
 .text.LL_RCC_PLL2_GetSource
                0x341831a0       0x1c ./Drivers/STM32N6xx_HAL_Driver/stm32n6xx_hal_rcc.o
 .text.LL_RCC_PLL2_IsReady
                0x341831bc       0x28 ./Drivers/STM32N6xx_HAL_Driver/stm32n6xx_hal_rcc.o
 .text.LL_RCC_PLL2_IsEnabledBypass
                0x341831e4       0x28 ./Drivers/STM32N6xx_HAL_Driver/stm32n6xx_hal_rcc.o
 .text.LL_RCC_PLL3_GetSource
                0x3418320c       0x1c ./Drivers/STM32N6xx_HAL_Driver/stm32n6xx_hal_rcc.o
 .text.LL_RCC_PLL3_IsReady
                0x34183228       0x28 ./Drivers/STM32N6xx_HAL_Driver/stm32n6xx_hal_rcc.o
 .text.LL_RCC_PLL3_IsEnabledBypass
                0x34183250       0x28 ./Drivers/STM32N6xx_HAL_Driver/stm32n6xx_hal_rcc.o
 .text.LL_RCC_PLL4_GetSource
                0x34183278       0x1c ./Drivers/STM32N6xx_HAL_Driver/stm32n6xx_hal_rcc.o
 .text.LL_RCC_PLL4_IsReady
                0x34183294       0x28 ./Drivers/STM32N6xx_HAL_Driver/stm32n6xx_hal_rcc.o
 .text.LL_RCC_PLL4_IsEnabledBypass
                0x341832bc       0x28 ./Drivers/STM32N6xx_HAL_Driver/stm32n6xx_hal_rcc.o
 .text.LL_RCC_IC1_Enable
                0x341832e4       0x1c ./Drivers/STM32N6xx_HAL_Driver/stm32n6xx_hal_rcc.o
 .text.LL_RCC_IC1_GetSource
                0x34183300       0x1c ./Drivers/STM32N6xx_HAL_Driver/stm32n6xx_hal_rcc.o
 .text.LL_RCC_IC1_GetDivider
                0x3418331c       0x20 ./Drivers/STM32N6xx_HAL_Driver/stm32n6xx_hal_rcc.o
 .text.LL_RCC_IC2_GetSource
                0x3418333c       0x1c ./Drivers/STM32N6xx_HAL_Driver/stm32n6xx_hal_rcc.o
 .text.LL_RCC_IC2_GetDivider
                0x34183358       0x20 ./Drivers/STM32N6xx_HAL_Driver/stm32n6xx_hal_rcc.o
 .text.LL_RCC_IC6_GetSource
                0x34183378       0x1c ./Drivers/STM32N6xx_HAL_Driver/stm32n6xx_hal_rcc.o
 .text.LL_RCC_IC11_GetSource
                0x34183394       0x1c ./Drivers/STM32N6xx_HAL_Driver/stm32n6xx_hal_rcc.o
 .text.HAL_RCC_OscConfig
                0x341833b0      0x7c0 ./Drivers/STM32N6xx_HAL_Driver/stm32n6xx_hal_rcc.o
                0x341833b0                HAL_RCC_OscConfig
 .text.HAL_RCC_ClockConfig
                0x34183b70      0x408 ./Drivers/STM32N6xx_HAL_Driver/stm32n6xx_hal_rcc.o
                0x34183b70                HAL_RCC_ClockConfig
 .text.HAL_RCC_GetCpuClockFreq
                0x34183f78       0xfc ./Drivers/STM32N6xx_HAL_Driver/stm32n6xx_hal_rcc.o
                0x34183f78                HAL_RCC_GetCpuClockFreq
 .text.HAL_RCC_GetSysClockFreq
                0x34184074       0xfc ./Drivers/STM32N6xx_HAL_Driver/stm32n6xx_hal_rcc.o
                0x34184074                HAL_RCC_GetSysClockFreq
 .text.HAL_RCC_GetClockConfig
                0x34184170       0xec ./Drivers/STM32N6xx_HAL_Driver/stm32n6xx_hal_rcc.o
                0x34184170                HAL_RCC_GetClockConfig
 .text.RCC_PLL_Config
                0x3418425c      0x260 ./Drivers/STM32N6xx_HAL_Driver/stm32n6xx_hal_rcc.o
 .text.RCC_PLL_Enable
                0x341844bc       0x58 ./Drivers/STM32N6xx_HAL_Driver/stm32n6xx_hal_rcc.o
 .text.RCC_PLL_IsNewConfig
                0x34184514       0xf4 ./Drivers/STM32N6xx_HAL_Driver/stm32n6xx_hal_rcc.o
 .text.RCC_PLL_Source_IsReady
                0x34184608       0x74 ./Drivers/STM32N6xx_HAL_Driver/stm32n6xx_hal_rcc.o
 .text.RCC_IC_CheckPLLSources
                0x3418467c      0x170 ./Drivers/STM32N6xx_HAL_Driver/stm32n6xx_hal_rcc.o
 .text.LL_RCC_HSE_SelectHSEAsDiv2Clock
                0x341847ec       0x20 ./Drivers/STM32N6xx_HAL_Driver/stm32n6xx_hal_rcc_ex.o
 .text.LL_RCC_HSE_SelectHSEDiv2AsDiv2Clock
                0x3418480c       0x20 ./Drivers/STM32N6xx_HAL_Driver/stm32n6xx_hal_rcc_ex.o
 .text.LL_RCC_HSE_IsSelectedHSEDiv2AsDiv2Clock
                0x3418482c       0x24 ./Drivers/STM32N6xx_HAL_Driver/stm32n6xx_hal_rcc_ex.o
 .text.LL_RCC_HSE_IsReady
                0x34184850       0x24 ./Drivers/STM32N6xx_HAL_Driver/stm32n6xx_hal_rcc_ex.o
 .text.LL_RCC_HSI_IsReady
                0x34184874       0x24 ./Drivers/STM32N6xx_HAL_Driver/stm32n6xx_hal_rcc_ex.o
 .text.LL_RCC_HSI_GetDivider
                0x34184898       0x1c ./Drivers/STM32N6xx_HAL_Driver/stm32n6xx_hal_rcc_ex.o
 .text.LL_RCC_MSI_IsReady
                0x341848b4       0x24 ./Drivers/STM32N6xx_HAL_Driver/stm32n6xx_hal_rcc_ex.o
 .text.LL_RCC_MSI_GetFrequency
                0x341848d8       0x1c ./Drivers/STM32N6xx_HAL_Driver/stm32n6xx_hal_rcc_ex.o
 .text.LL_RCC_LSE_IsReady
                0x341848f4       0x24 ./Drivers/STM32N6xx_HAL_Driver/stm32n6xx_hal_rcc_ex.o
 .text.LL_RCC_LSI_IsReady
                0x34184918       0x1c ./Drivers/STM32N6xx_HAL_Driver/stm32n6xx_hal_rcc_ex.o
 .text.LL_RCC_GetAHBPrescaler
                0x34184934       0x1c ./Drivers/STM32N6xx_HAL_Driver/stm32n6xx_hal_rcc_ex.o
 .text.LL_RCC_GetAPB1Prescaler
                0x34184950       0x1c ./Drivers/STM32N6xx_HAL_Driver/stm32n6xx_hal_rcc_ex.o
 .text.LL_RCC_GetAPB2Prescaler
                0x3418496c       0x1c ./Drivers/STM32N6xx_HAL_Driver/stm32n6xx_hal_rcc_ex.o
 .text.LL_RCC_GetAPB4Prescaler
                0x34184988       0x1c ./Drivers/STM32N6xx_HAL_Driver/stm32n6xx_hal_rcc_ex.o
 .text.LL_RCC_GetAPB5Prescaler
                0x341849a4       0x1c ./Drivers/STM32N6xx_HAL_Driver/stm32n6xx_hal_rcc_ex.o
 .text.LL_RCC_SetClockSource
                0x341849c0       0x54 ./Drivers/STM32N6xx_HAL_Driver/stm32n6xx_hal_rcc_ex.o
 .text.LL_RCC_GetADCPrescaler
                0x34184a14       0x1c ./Drivers/STM32N6xx_HAL_Driver/stm32n6xx_hal_rcc_ex.o
 .text.LL_RCC_SetADFClockSource
                0x34184a30       0x2c ./Drivers/STM32N6xx_HAL_Driver/stm32n6xx_hal_rcc_ex.o
 .text.LL_RCC_SetCLKPClockSource
                0x34184a5c       0x2c ./Drivers/STM32N6xx_HAL_Driver/stm32n6xx_hal_rcc_ex.o
 .text.LL_RCC_SetDCMIPPClockSource
                0x34184a88       0x2c ./Drivers/STM32N6xx_HAL_Driver/stm32n6xx_hal_rcc_ex.o
 .text.LL_RCC_SetETHClockSource
                0x34184ab4       0x2c ./Drivers/STM32N6xx_HAL_Driver/stm32n6xx_hal_rcc_ex.o
 .text.LL_RCC_SetETHPHYInterface
                0x34184ae0       0x2c ./Drivers/STM32N6xx_HAL_Driver/stm32n6xx_hal_rcc_ex.o
 .text.LL_RCC_GetETH1PTPDivider
                0x34184b0c       0x1c ./Drivers/STM32N6xx_HAL_Driver/stm32n6xx_hal_rcc_ex.o
 .text.LL_RCC_SetETHREFRXClockSource
                0x34184b28       0x2c ./Drivers/STM32N6xx_HAL_Driver/stm32n6xx_hal_rcc_ex.o
 .text.LL_RCC_SetETHREFTXClockSource
                0x34184b54       0x2c ./Drivers/STM32N6xx_HAL_Driver/stm32n6xx_hal_rcc_ex.o
 .text.LL_RCC_SetFDCANClockSource
                0x34184b80       0x2c ./Drivers/STM32N6xx_HAL_Driver/stm32n6xx_hal_rcc_ex.o
 .text.LL_RCC_SetFMCClockSource
                0x34184bac       0x2c ./Drivers/STM32N6xx_HAL_Driver/stm32n6xx_hal_rcc_ex.o
 .text.LL_RCC_SetI2CClockSource
                0x34184bd8       0x16 ./Drivers/STM32N6xx_HAL_Driver/stm32n6xx_hal_rcc_ex.o
 .text.LL_RCC_SetI3CClockSource
                0x34184bee       0x16 ./Drivers/STM32N6xx_HAL_Driver/stm32n6xx_hal_rcc_ex.o
 .text.LL_RCC_SetLPTIMClockSource
                0x34184c04       0x16 ./Drivers/STM32N6xx_HAL_Driver/stm32n6xx_hal_rcc_ex.o
 *fill*         0x34184c1a        0x2 
 .text.LL_RCC_SetLPUARTClockSource
                0x34184c1c       0x2c ./Drivers/STM32N6xx_HAL_Driver/stm32n6xx_hal_rcc_ex.o
 .text.LL_RCC_SetLTDCClockSource
                0x34184c48       0x2c ./Drivers/STM32N6xx_HAL_Driver/stm32n6xx_hal_rcc_ex.o
 .text.LL_RCC_SetMDFClockSource
                0x34184c74       0x2c ./Drivers/STM32N6xx_HAL_Driver/stm32n6xx_hal_rcc_ex.o
 .text.LL_RCC_SetOTGPHYClockSource
                0x34184ca0       0x16 ./Drivers/STM32N6xx_HAL_Driver/stm32n6xx_hal_rcc_ex.o
 .text.LL_RCC_SetOTGPHYCKREFClockSource
                0x34184cb6       0x16 ./Drivers/STM32N6xx_HAL_Driver/stm32n6xx_hal_rcc_ex.o
 .text.LL_RCC_SetPSSIClockSource
                0x34184ccc       0x2c ./Drivers/STM32N6xx_HAL_Driver/stm32n6xx_hal_rcc_ex.o
 .text.LL_RCC_SetSAIClockSource
                0x34184cf8       0x16 ./Drivers/STM32N6xx_HAL_Driver/stm32n6xx_hal_rcc_ex.o
 .text.LL_RCC_SetSDMMCClockSource
                0x34184d0e       0x16 ./Drivers/STM32N6xx_HAL_Driver/stm32n6xx_hal_rcc_ex.o
 .text.LL_RCC_SetSPDIFRXClockSource
                0x34184d24       0x2c ./Drivers/STM32N6xx_HAL_Driver/stm32n6xx_hal_rcc_ex.o
 .text.LL_RCC_SetSPIClockSource
                0x34184d50       0x16 ./Drivers/STM32N6xx_HAL_Driver/stm32n6xx_hal_rcc_ex.o
 .text.LL_RCC_SetUSARTClockSource
                0x34184d66       0x16 ./Drivers/STM32N6xx_HAL_Driver/stm32n6xx_hal_rcc_ex.o
 .text.LL_RCC_SetXSPIClockSource
                0x34184d7c       0x16 ./Drivers/STM32N6xx_HAL_Driver/stm32n6xx_hal_rcc_ex.o
 *fill*         0x34184d92        0x2 
 .text.LL_RCC_GetClockSource
                0x34184d94       0x4c ./Drivers/STM32N6xx_HAL_Driver/stm32n6xx_hal_rcc_ex.o
 .text.LL_RCC_GetADCClockSource
                0x34184de0       0x24 ./Drivers/STM32N6xx_HAL_Driver/stm32n6xx_hal_rcc_ex.o
 .text.LL_RCC_GetADFClockSource
                0x34184e04       0x24 ./Drivers/STM32N6xx_HAL_Driver/stm32n6xx_hal_rcc_ex.o
 .text.LL_RCC_GetCLKPClockSource
                0x34184e28       0x24 ./Drivers/STM32N6xx_HAL_Driver/stm32n6xx_hal_rcc_ex.o
 .text.LL_RCC_GetDCMIPPClockSource
                0x34184e4c       0x24 ./Drivers/STM32N6xx_HAL_Driver/stm32n6xx_hal_rcc_ex.o
 .text.LL_RCC_GetETHClockSource
                0x34184e70       0x24 ./Drivers/STM32N6xx_HAL_Driver/stm32n6xx_hal_rcc_ex.o
 .text.LL_RCC_GetETHPTPClockSource
                0x34184e94       0x24 ./Drivers/STM32N6xx_HAL_Driver/stm32n6xx_hal_rcc_ex.o
 .text.LL_RCC_GetFDCANClockSource
                0x34184eb8       0x24 ./Drivers/STM32N6xx_HAL_Driver/stm32n6xx_hal_rcc_ex.o
 .text.LL_RCC_GetFMCClockSource
                0x34184edc       0x24 ./Drivers/STM32N6xx_HAL_Driver/stm32n6xx_hal_rcc_ex.o
 .text.LL_RCC_GetI2CClockSource
                0x34184f00       0x18 ./Drivers/STM32N6xx_HAL_Driver/stm32n6xx_hal_rcc_ex.o
 .text.LL_RCC_GetI3CClockSource
                0x34184f18       0x18 ./Drivers/STM32N6xx_HAL_Driver/stm32n6xx_hal_rcc_ex.o
 .text.LL_RCC_GetLPTIMClockSource
                0x34184f30       0x18 ./Drivers/STM32N6xx_HAL_Driver/stm32n6xx_hal_rcc_ex.o
 .text.LL_RCC_GetLPUARTClockSource
                0x34184f48       0x24 ./Drivers/STM32N6xx_HAL_Driver/stm32n6xx_hal_rcc_ex.o
 .text.LL_RCC_GetLTDCClockSource
                0x34184f6c       0x24 ./Drivers/STM32N6xx_HAL_Driver/stm32n6xx_hal_rcc_ex.o
 .text.LL_RCC_GetMDFClockSource
                0x34184f90       0x24 ./Drivers/STM32N6xx_HAL_Driver/stm32n6xx_hal_rcc_ex.o
 .text.LL_RCC_GetPSSIClockSource
                0x34184fb4       0x24 ./Drivers/STM32N6xx_HAL_Driver/stm32n6xx_hal_rcc_ex.o
 .text.LL_RCC_GetSAIClockSource
                0x34184fd8       0x18 ./Drivers/STM32N6xx_HAL_Driver/stm32n6xx_hal_rcc_ex.o
 .text.LL_RCC_GetSDMMCClockSource
                0x34184ff0       0x18 ./Drivers/STM32N6xx_HAL_Driver/stm32n6xx_hal_rcc_ex.o
 .text.LL_RCC_GetSPDIFRXClockSource
                0x34185008       0x24 ./Drivers/STM32N6xx_HAL_Driver/stm32n6xx_hal_rcc_ex.o
 .text.LL_RCC_GetSPIClockSource
                0x3418502c       0x18 ./Drivers/STM32N6xx_HAL_Driver/stm32n6xx_hal_rcc_ex.o
 .text.LL_RCC_GetUSARTClockSource
                0x34185044       0x18 ./Drivers/STM32N6xx_HAL_Driver/stm32n6xx_hal_rcc_ex.o
 .text.LL_RCC_GetUARTClockSource
                0x3418505c       0x18 ./Drivers/STM32N6xx_HAL_Driver/stm32n6xx_hal_rcc_ex.o
 .text.LL_RCC_GetUSBClockSource
                0x34185074       0x18 ./Drivers/STM32N6xx_HAL_Driver/stm32n6xx_hal_rcc_ex.o
 .text.LL_RCC_GetXSPIClockSource
                0x3418508c       0x18 ./Drivers/STM32N6xx_HAL_Driver/stm32n6xx_hal_rcc_ex.o
 .text.LL_RCC_SetRTCClockSource
                0x341850a4       0x2c ./Drivers/STM32N6xx_HAL_Driver/stm32n6xx_hal_rcc_ex.o
 .text.LL_RCC_GetRTCClockSource
                0x341850d0       0x1c ./Drivers/STM32N6xx_HAL_Driver/stm32n6xx_hal_rcc_ex.o
 .text.LL_RCC_SetRTC_HSEPrescaler
                0x341850ec       0x2c ./Drivers/STM32N6xx_HAL_Driver/stm32n6xx_hal_rcc_ex.o
 .text.LL_RCC_SetTIMPrescaler
                0x34185118       0x2c ./Drivers/STM32N6xx_HAL_Driver/stm32n6xx_hal_rcc_ex.o
 .text.LL_RCC_GetTIMPrescaler
                0x34185144       0x1c ./Drivers/STM32N6xx_HAL_Driver/stm32n6xx_hal_rcc_ex.o
 .text.LL_RCC_PLL1_GetSource
                0x34185160       0x1c ./Drivers/STM32N6xx_HAL_Driver/stm32n6xx_hal_rcc_ex.o
 .text.LL_RCC_PLL1_IsReady
                0x3418517c       0x28 ./Drivers/STM32N6xx_HAL_Driver/stm32n6xx_hal_rcc_ex.o
 .text.LL_RCC_PLL1_IsEnabledBypass
                0x341851a4       0x28 ./Drivers/STM32N6xx_HAL_Driver/stm32n6xx_hal_rcc_ex.o
 .text.LL_RCC_PLL1_GetN
                0x341851cc       0x20 ./Drivers/STM32N6xx_HAL_Driver/stm32n6xx_hal_rcc_ex.o
 .text.LL_RCC_PLL1_GetM
                0x341851ec       0x20 ./Drivers/STM32N6xx_HAL_Driver/stm32n6xx_hal_rcc_ex.o
 .text.LL_RCC_PLL1_GetP1
                0x3418520c       0x20 ./Drivers/STM32N6xx_HAL_Driver/stm32n6xx_hal_rcc_ex.o
 .text.LL_RCC_PLL1_GetP2
                0x3418522c       0x20 ./Drivers/STM32N6xx_HAL_Driver/stm32n6xx_hal_rcc_ex.o
 .text.LL_RCC_PLL1P_IsEnabled
                0x3418524c       0x28 ./Drivers/STM32N6xx_HAL_Driver/stm32n6xx_hal_rcc_ex.o
 .text.LL_RCC_PLL1_GetFRACN
                0x34185274       0x1c ./Drivers/STM32N6xx_HAL_Driver/stm32n6xx_hal_rcc_ex.o
 .text.LL_RCC_PLL2_GetSource
                0x34185290       0x1c ./Drivers/STM32N6xx_HAL_Driver/stm32n6xx_hal_rcc_ex.o
 .text.LL_RCC_PLL2_IsReady
                0x341852ac       0x28 ./Drivers/STM32N6xx_HAL_Driver/stm32n6xx_hal_rcc_ex.o
 .text.LL_RCC_PLL2_IsEnabledBypass
                0x341852d4       0x28 ./Drivers/STM32N6xx_HAL_Driver/stm32n6xx_hal_rcc_ex.o
 .text.LL_RCC_PLL2_GetN
                0x341852fc       0x20 ./Drivers/STM32N6xx_HAL_Driver/stm32n6xx_hal_rcc_ex.o
 .text.LL_RCC_PLL2_GetM
                0x3418531c       0x20 ./Drivers/STM32N6xx_HAL_Driver/stm32n6xx_hal_rcc_ex.o
 .text.LL_RCC_PLL2_GetP1
                0x3418533c       0x20 ./Drivers/STM32N6xx_HAL_Driver/stm32n6xx_hal_rcc_ex.o
 .text.LL_RCC_PLL2_GetP2
                0x3418535c       0x20 ./Drivers/STM32N6xx_HAL_Driver/stm32n6xx_hal_rcc_ex.o
 .text.LL_RCC_PLL2P_IsEnabled
                0x3418537c       0x28 ./Drivers/STM32N6xx_HAL_Driver/stm32n6xx_hal_rcc_ex.o
 .text.LL_RCC_PLL2_GetFRACN
                0x341853a4       0x1c ./Drivers/STM32N6xx_HAL_Driver/stm32n6xx_hal_rcc_ex.o
 .text.LL_RCC_PLL3_GetSource
                0x341853c0       0x1c ./Drivers/STM32N6xx_HAL_Driver/stm32n6xx_hal_rcc_ex.o
 .text.LL_RCC_PLL3_IsReady
                0x341853dc       0x28 ./Drivers/STM32N6xx_HAL_Driver/stm32n6xx_hal_rcc_ex.o
 .text.LL_RCC_PLL3_IsEnabledBypass
                0x34185404       0x28 ./Drivers/STM32N6xx_HAL_Driver/stm32n6xx_hal_rcc_ex.o
 .text.LL_RCC_PLL3_GetN
                0x3418542c       0x20 ./Drivers/STM32N6xx_HAL_Driver/stm32n6xx_hal_rcc_ex.o
 .text.LL_RCC_PLL3_GetM
                0x3418544c       0x20 ./Drivers/STM32N6xx_HAL_Driver/stm32n6xx_hal_rcc_ex.o
 .text.LL_RCC_PLL3_GetP1
                0x3418546c       0x20 ./Drivers/STM32N6xx_HAL_Driver/stm32n6xx_hal_rcc_ex.o
 .text.LL_RCC_PLL3_GetP2
                0x3418548c       0x20 ./Drivers/STM32N6xx_HAL_Driver/stm32n6xx_hal_rcc_ex.o
 .text.LL_RCC_PLL3P_IsEnabled
                0x341854ac       0x28 ./Drivers/STM32N6xx_HAL_Driver/stm32n6xx_hal_rcc_ex.o
 .text.LL_RCC_PLL3_GetFRACN
                0x341854d4       0x1c ./Drivers/STM32N6xx_HAL_Driver/stm32n6xx_hal_rcc_ex.o
 .text.LL_RCC_PLL4_GetSource
                0x341854f0       0x1c ./Drivers/STM32N6xx_HAL_Driver/stm32n6xx_hal_rcc_ex.o
 .text.LL_RCC_PLL4_IsReady
                0x3418550c       0x28 ./Drivers/STM32N6xx_HAL_Driver/stm32n6xx_hal_rcc_ex.o
 .text.LL_RCC_PLL4_IsEnabledBypass
                0x34185534       0x28 ./Drivers/STM32N6xx_HAL_Driver/stm32n6xx_hal_rcc_ex.o
 .text.LL_RCC_PLL4_GetN
                0x3418555c       0x20 ./Drivers/STM32N6xx_HAL_Driver/stm32n6xx_hal_rcc_ex.o
 .text.LL_RCC_PLL4_GetM
                0x3418557c       0x20 ./Drivers/STM32N6xx_HAL_Driver/stm32n6xx_hal_rcc_ex.o
 .text.LL_RCC_PLL4_GetP1
                0x3418559c       0x20 ./Drivers/STM32N6xx_HAL_Driver/stm32n6xx_hal_rcc_ex.o
 .text.LL_RCC_PLL4_GetP2
                0x341855bc       0x20 ./Drivers/STM32N6xx_HAL_Driver/stm32n6xx_hal_rcc_ex.o
 .text.LL_RCC_PLL4P_IsEnabled
                0x341855dc       0x28 ./Drivers/STM32N6xx_HAL_Driver/stm32n6xx_hal_rcc_ex.o
 .text.LL_RCC_PLL4_GetFRACN
                0x34185604       0x1c ./Drivers/STM32N6xx_HAL_Driver/stm32n6xx_hal_rcc_ex.o
 .text.LL_RCC_IC3_Enable
                0x34185620       0x1c ./Drivers/STM32N6xx_HAL_Driver/stm32n6xx_hal_rcc_ex.o
 .text.LL_RCC_IC3_IsEnabled
                0x3418563c       0x28 ./Drivers/STM32N6xx_HAL_Driver/stm32n6xx_hal_rcc_ex.o
 .text.LL_RCC_IC3_GetSource
                0x34185664       0x1c ./Drivers/STM32N6xx_HAL_Driver/stm32n6xx_hal_rcc_ex.o
 .text.LL_RCC_IC3_GetDivider
                0x34185680       0x20 ./Drivers/STM32N6xx_HAL_Driver/stm32n6xx_hal_rcc_ex.o
 .text.LL_RCC_IC4_Enable
                0x341856a0       0x1c ./Drivers/STM32N6xx_HAL_Driver/stm32n6xx_hal_rcc_ex.o
 .text.LL_RCC_IC4_IsEnabled
                0x341856bc       0x28 ./Drivers/STM32N6xx_HAL_Driver/stm32n6xx_hal_rcc_ex.o
 .text.LL_RCC_IC4_GetSource
                0x341856e4       0x1c ./Drivers/STM32N6xx_HAL_Driver/stm32n6xx_hal_rcc_ex.o
 .text.LL_RCC_IC4_GetDivider
                0x34185700       0x20 ./Drivers/STM32N6xx_HAL_Driver/stm32n6xx_hal_rcc_ex.o
 .text.LL_RCC_IC5_Enable
                0x34185720       0x1c ./Drivers/STM32N6xx_HAL_Driver/stm32n6xx_hal_rcc_ex.o
 .text.LL_RCC_IC5_IsEnabled
                0x3418573c       0x28 ./Drivers/STM32N6xx_HAL_Driver/stm32n6xx_hal_rcc_ex.o
 .text.LL_RCC_IC5_GetSource
                0x34185764       0x1c ./Drivers/STM32N6xx_HAL_Driver/stm32n6xx_hal_rcc_ex.o
 .text.LL_RCC_IC5_GetDivider
                0x34185780       0x20 ./Drivers/STM32N6xx_HAL_Driver/stm32n6xx_hal_rcc_ex.o
 .text.LL_RCC_IC7_Enable
                0x341857a0       0x1c ./Drivers/STM32N6xx_HAL_Driver/stm32n6xx_hal_rcc_ex.o
 .text.LL_RCC_IC7_IsEnabled
                0x341857bc       0x28 ./Drivers/STM32N6xx_HAL_Driver/stm32n6xx_hal_rcc_ex.o
 .text.LL_RCC_IC7_GetSource
                0x341857e4       0x1c ./Drivers/STM32N6xx_HAL_Driver/stm32n6xx_hal_rcc_ex.o
 .text.LL_RCC_IC7_GetDivider
                0x34185800       0x20 ./Drivers/STM32N6xx_HAL_Driver/stm32n6xx_hal_rcc_ex.o
 .text.LL_RCC_IC8_Enable
                0x34185820       0x1c ./Drivers/STM32N6xx_HAL_Driver/stm32n6xx_hal_rcc_ex.o
 .text.LL_RCC_IC8_IsEnabled
                0x3418583c       0x28 ./Drivers/STM32N6xx_HAL_Driver/stm32n6xx_hal_rcc_ex.o
 .text.LL_RCC_IC8_GetSource
                0x34185864       0x1c ./Drivers/STM32N6xx_HAL_Driver/stm32n6xx_hal_rcc_ex.o
 .text.LL_RCC_IC8_GetDivider
                0x34185880       0x20 ./Drivers/STM32N6xx_HAL_Driver/stm32n6xx_hal_rcc_ex.o
 .text.LL_RCC_IC9_Enable
                0x341858a0       0x1c ./Drivers/STM32N6xx_HAL_Driver/stm32n6xx_hal_rcc_ex.o
 .text.LL_RCC_IC9_IsEnabled
                0x341858bc       0x28 ./Drivers/STM32N6xx_HAL_Driver/stm32n6xx_hal_rcc_ex.o
 .text.LL_RCC_IC9_GetSource
                0x341858e4       0x1c ./Drivers/STM32N6xx_HAL_Driver/stm32n6xx_hal_rcc_ex.o
 .text.LL_RCC_IC9_GetDivider
                0x34185900       0x20 ./Drivers/STM32N6xx_HAL_Driver/stm32n6xx_hal_rcc_ex.o
 .text.LL_RCC_IC10_Enable
                0x34185920       0x1c ./Drivers/STM32N6xx_HAL_Driver/stm32n6xx_hal_rcc_ex.o
 .text.LL_RCC_IC10_IsEnabled
                0x3418593c       0x28 ./Drivers/STM32N6xx_HAL_Driver/stm32n6xx_hal_rcc_ex.o
 .text.LL_RCC_IC10_GetSource
                0x34185964       0x1c ./Drivers/STM32N6xx_HAL_Driver/stm32n6xx_hal_rcc_ex.o
 .text.LL_RCC_IC10_GetDivider
                0x34185980       0x20 ./Drivers/STM32N6xx_HAL_Driver/stm32n6xx_hal_rcc_ex.o
 .text.LL_RCC_IC12_Enable
                0x341859a0       0x1c ./Drivers/STM32N6xx_HAL_Driver/stm32n6xx_hal_rcc_ex.o
 .text.LL_RCC_IC12_IsEnabled
                0x341859bc       0x28 ./Drivers/STM32N6xx_HAL_Driver/stm32n6xx_hal_rcc_ex.o
 .text.LL_RCC_IC12_GetSource
                0x341859e4       0x1c ./Drivers/STM32N6xx_HAL_Driver/stm32n6xx_hal_rcc_ex.o
 .text.LL_RCC_IC12_GetDivider
                0x34185a00       0x20 ./Drivers/STM32N6xx_HAL_Driver/stm32n6xx_hal_rcc_ex.o
 .text.LL_RCC_IC13_Enable
                0x34185a20       0x1c ./Drivers/STM32N6xx_HAL_Driver/stm32n6xx_hal_rcc_ex.o
 .text.LL_RCC_IC13_IsEnabled
                0x34185a3c       0x28 ./Drivers/STM32N6xx_HAL_Driver/stm32n6xx_hal_rcc_ex.o
 .text.LL_RCC_IC13_GetSource
                0x34185a64       0x1c ./Drivers/STM32N6xx_HAL_Driver/stm32n6xx_hal_rcc_ex.o
 .text.LL_RCC_IC13_GetDivider
                0x34185a80       0x20 ./Drivers/STM32N6xx_HAL_Driver/stm32n6xx_hal_rcc_ex.o
 .text.LL_RCC_IC14_Enable
                0x34185aa0       0x1c ./Drivers/STM32N6xx_HAL_Driver/stm32n6xx_hal_rcc_ex.o
 .text.LL_RCC_IC14_IsEnabled
                0x34185abc       0x28 ./Drivers/STM32N6xx_HAL_Driver/stm32n6xx_hal_rcc_ex.o
 .text.LL_RCC_IC14_GetSource
                0x34185ae4       0x1c ./Drivers/STM32N6xx_HAL_Driver/stm32n6xx_hal_rcc_ex.o
 .text.LL_RCC_IC14_GetDivider
                0x34185b00       0x20 ./Drivers/STM32N6xx_HAL_Driver/stm32n6xx_hal_rcc_ex.o
 .text.LL_RCC_IC15_Enable
                0x34185b20       0x1c ./Drivers/STM32N6xx_HAL_Driver/stm32n6xx_hal_rcc_ex.o
 .text.LL_RCC_IC15_IsEnabled
                0x34185b3c       0x28 ./Drivers/STM32N6xx_HAL_Driver/stm32n6xx_hal_rcc_ex.o
 .text.LL_RCC_IC15_GetSource
                0x34185b64       0x1c ./Drivers/STM32N6xx_HAL_Driver/stm32n6xx_hal_rcc_ex.o
 .text.LL_RCC_IC15_GetDivider
                0x34185b80       0x20 ./Drivers/STM32N6xx_HAL_Driver/stm32n6xx_hal_rcc_ex.o
 .text.LL_RCC_IC16_Enable
                0x34185ba0       0x1c ./Drivers/STM32N6xx_HAL_Driver/stm32n6xx_hal_rcc_ex.o
 .text.LL_RCC_IC16_IsEnabled
                0x34185bbc       0x28 ./Drivers/STM32N6xx_HAL_Driver/stm32n6xx_hal_rcc_ex.o
 .text.LL_RCC_IC16_GetSource
                0x34185be4       0x1c ./Drivers/STM32N6xx_HAL_Driver/stm32n6xx_hal_rcc_ex.o
 .text.LL_RCC_IC16_GetDivider
                0x34185c00       0x20 ./Drivers/STM32N6xx_HAL_Driver/stm32n6xx_hal_rcc_ex.o
 .text.LL_RCC_IC17_Enable
                0x34185c20       0x1c ./Drivers/STM32N6xx_HAL_Driver/stm32n6xx_hal_rcc_ex.o
 .text.LL_RCC_IC17_IsEnabled
                0x34185c3c       0x28 ./Drivers/STM32N6xx_HAL_Driver/stm32n6xx_hal_rcc_ex.o
 .text.LL_RCC_IC17_GetSource
                0x34185c64       0x1c ./Drivers/STM32N6xx_HAL_Driver/stm32n6xx_hal_rcc_ex.o
 .text.LL_RCC_IC17_GetDivider
                0x34185c80       0x20 ./Drivers/STM32N6xx_HAL_Driver/stm32n6xx_hal_rcc_ex.o
 .text.LL_RCC_IC18_Enable
                0x34185ca0       0x1c ./Drivers/STM32N6xx_HAL_Driver/stm32n6xx_hal_rcc_ex.o
 .text.LL_RCC_IC18_IsEnabled
                0x34185cbc       0x28 ./Drivers/STM32N6xx_HAL_Driver/stm32n6xx_hal_rcc_ex.o
 .text.LL_RCC_IC18_GetSource
                0x34185ce4       0x1c ./Drivers/STM32N6xx_HAL_Driver/stm32n6xx_hal_rcc_ex.o
 .text.LL_RCC_IC18_GetDivider
                0x34185d00       0x20 ./Drivers/STM32N6xx_HAL_Driver/stm32n6xx_hal_rcc_ex.o
 .text.LL_RCC_IC19_Enable
                0x34185d20       0x1c ./Drivers/STM32N6xx_HAL_Driver/stm32n6xx_hal_rcc_ex.o
 .text.LL_RCC_IC19_IsEnabled
                0x34185d3c       0x28 ./Drivers/STM32N6xx_HAL_Driver/stm32n6xx_hal_rcc_ex.o
 .text.LL_RCC_IC19_GetSource
                0x34185d64       0x1c ./Drivers/STM32N6xx_HAL_Driver/stm32n6xx_hal_rcc_ex.o
 .text.LL_RCC_IC19_GetDivider
                0x34185d80       0x20 ./Drivers/STM32N6xx_HAL_Driver/stm32n6xx_hal_rcc_ex.o
 .text.LL_RCC_IC20_Enable
                0x34185da0       0x1c ./Drivers/STM32N6xx_HAL_Driver/stm32n6xx_hal_rcc_ex.o
 .text.LL_RCC_IC20_IsEnabled
                0x34185dbc       0x28 ./Drivers/STM32N6xx_HAL_Driver/stm32n6xx_hal_rcc_ex.o
 .text.LL_RCC_IC20_GetSource
                0x34185de4       0x1c ./Drivers/STM32N6xx_HAL_Driver/stm32n6xx_hal_rcc_ex.o
 .text.LL_RCC_IC20_GetDivider
                0x34185e00       0x20 ./Drivers/STM32N6xx_HAL_Driver/stm32n6xx_hal_rcc_ex.o
 .text.LL_RCC_CLKP_Enable
                0x34185e20       0x1c ./Drivers/STM32N6xx_HAL_Driver/stm32n6xx_hal_rcc_ex.o
 .text.LL_RCC_CLKP_IsEnabled
                0x34185e3c       0x28 ./Drivers/STM32N6xx_HAL_Driver/stm32n6xx_hal_rcc_ex.o
 .text.HAL_RCCEx_PeriphCLKConfig
                0x34185e64     0x25c8 ./Drivers/STM32N6xx_HAL_Driver/stm32n6xx_hal_rcc_ex.o
                0x34185e64                HAL_RCCEx_PeriphCLKConfig
 .text.HAL_RCCEx_GetPeriphCLKFreq
                0x3418842c      0x938 ./Drivers/STM32N6xx_HAL_Driver/stm32n6xx_hal_rcc_ex.o
                0x3418842c                HAL_RCCEx_GetPeriphCLKFreq
 .text.HAL_RCCEx_GetPLL1CLKFreq
                0x34188d64       0x8c ./Drivers/STM32N6xx_HAL_Driver/stm32n6xx_hal_rcc_ex.o
                0x34188d64                HAL_RCCEx_GetPLL1CLKFreq
 .text.HAL_RCCEx_GetPLL2CLKFreq
                0x34188df0       0x8c ./Drivers/STM32N6xx_HAL_Driver/stm32n6xx_hal_rcc_ex.o
                0x34188df0                HAL_RCCEx_GetPLL2CLKFreq
 .text.HAL_RCCEx_GetPLL3CLKFreq
                0x34188e7c       0x8c ./Drivers/STM32N6xx_HAL_Driver/stm32n6xx_hal_rcc_ex.o
                0x34188e7c                HAL_RCCEx_GetPLL3CLKFreq
 .text.HAL_RCCEx_GetPLL4CLKFreq
                0x34188f08       0x8c ./Drivers/STM32N6xx_HAL_Driver/stm32n6xx_hal_rcc_ex.o
                0x34188f08                HAL_RCCEx_GetPLL4CLKFreq
 .text.RCCEx_GetHCLKFreq
                0x34188f94       0x22 ./Drivers/STM32N6xx_HAL_Driver/stm32n6xx_hal_rcc_ex.o
 .text.RCCEx_GetPCLK1Freq
                0x34188fb6       0x20 ./Drivers/STM32N6xx_HAL_Driver/stm32n6xx_hal_rcc_ex.o
 .text.RCCEx_GetPCLK2Freq
                0x34188fd6       0x22 ./Drivers/STM32N6xx_HAL_Driver/stm32n6xx_hal_rcc_ex.o
 .text.RCCEx_GetPCLK4Freq
                0x34188ff8       0x22 ./Drivers/STM32N6xx_HAL_Driver/stm32n6xx_hal_rcc_ex.o
 .text.RCCEx_GetPCLK5Freq
                0x3418901a       0x22 ./Drivers/STM32N6xx_HAL_Driver/stm32n6xx_hal_rcc_ex.o
 .text.RCCEx_GetPLLSourceFreq
                0x3418903c       0xbc ./Drivers/STM32N6xx_HAL_Driver/stm32n6xx_hal_rcc_ex.o
 .text.RCCEx_CalcPLLFreq
                0x341890f8       0x98 ./Drivers/STM32N6xx_HAL_Driver/stm32n6xx_hal_rcc_ex.o
 .text.RCCEx_GetADCCLKFreq
                0x34189190      0x204 ./Drivers/STM32N6xx_HAL_Driver/stm32n6xx_hal_rcc_ex.o
 .text.RCCEx_GetADFCLKFreq
                0x34189394      0x1d8 ./Drivers/STM32N6xx_HAL_Driver/stm32n6xx_hal_rcc_ex.o
 .text.RCCEx_GetCLKPCLKFreq
                0x3418956c      0x36c ./Drivers/STM32N6xx_HAL_Driver/stm32n6xx_hal_rcc_ex.o
 .text.RCCEx_GetCSICLKFreq
                0x341898d8       0x98 ./Drivers/STM32N6xx_HAL_Driver/stm32n6xx_hal_rcc_ex.o
 .text.RCCEx_GetDCMIPPCLKFreq
                0x34189970      0x114 ./Drivers/STM32N6xx_HAL_Driver/stm32n6xx_hal_rcc_ex.o
 .text.RCCEx_GetETH1CLKFreq
                0x34189a84      0x100 ./Drivers/STM32N6xx_HAL_Driver/stm32n6xx_hal_rcc_ex.o
 .text.RCCEx_GetETH1PTPCLKFreq
                0x34189b84      0x108 ./Drivers/STM32N6xx_HAL_Driver/stm32n6xx_hal_rcc_ex.o
 .text.RCCEx_GetFDCANCLKFreq
                0x34189c8c      0x100 ./Drivers/STM32N6xx_HAL_Driver/stm32n6xx_hal_rcc_ex.o
 .text.RCCEx_GetFMCCLKFreq
                0x34189d8c      0x16e ./Drivers/STM32N6xx_HAL_Driver/stm32n6xx_hal_rcc_ex.o
 *fill*         0x34189efa        0x2 
 .text.RCCEx_GetI2CCLKFreq
                0x34189efc      0x350 ./Drivers/STM32N6xx_HAL_Driver/stm32n6xx_hal_rcc_ex.o
 .text.RCCEx_GetI3CCLKFreq
                0x3418a24c      0x268 ./Drivers/STM32N6xx_HAL_Driver/stm32n6xx_hal_rcc_ex.o
 .text.RCCEx_GetLPTIMCLKFreq
                0x3418a4b4      0x354 ./Drivers/STM32N6xx_HAL_Driver/stm32n6xx_hal_rcc_ex.o
 .text.RCCEx_GetLPUARTCLKFreq
                0x3418a808      0x204 ./Drivers/STM32N6xx_HAL_Driver/stm32n6xx_hal_rcc_ex.o
 .text.RCCEx_GetLTDCCLKFreq
                0x3418aa0c      0x114 ./Drivers/STM32N6xx_HAL_Driver/stm32n6xx_hal_rcc_ex.o
 .text.RCCEx_GetMDFCLKFreq
                0x3418ab20      0x214 ./Drivers/STM32N6xx_HAL_Driver/stm32n6xx_hal_rcc_ex.o
 .text.RCCEx_GetPSSICLKFreq
                0x3418ad34      0x104 ./Drivers/STM32N6xx_HAL_Driver/stm32n6xx_hal_rcc_ex.o
 .text.RCCEx_GetRTCCLKFreq
                0x3418ae38       0xa4 ./Drivers/STM32N6xx_HAL_Driver/stm32n6xx_hal_rcc_ex.o
 .text.RCCEx_GetSAICLKFreq
                0x3418aedc      0x2cc ./Drivers/STM32N6xx_HAL_Driver/stm32n6xx_hal_rcc_ex.o
 .text.RCCEx_GetSDMMCCLKFreq
                0x3418b1a8      0x1d4 ./Drivers/STM32N6xx_HAL_Driver/stm32n6xx_hal_rcc_ex.o
 .text.RCCEx_GetSPDIFRXCLKFreq
                0x3418b37c      0x1c8 ./Drivers/STM32N6xx_HAL_Driver/stm32n6xx_hal_rcc_ex.o
 .text.RCCEx_GetSPICLKFreq
                0x3418b544      0x5a4 ./Drivers/STM32N6xx_HAL_Driver/stm32n6xx_hal_rcc_ex.o
 .text.RCCEx_GetUARTCLKFreq
                0x3418bae8      0x454 ./Drivers/STM32N6xx_HAL_Driver/stm32n6xx_hal_rcc_ex.o
 .text.RCCEx_GetUSARTCLKFreq
                0x3418bf3c      0x454 ./Drivers/STM32N6xx_HAL_Driver/stm32n6xx_hal_rcc_ex.o
 .text.RCCEx_GetOTGPHYCLKFreq
                0x3418c390      0x16c ./Drivers/STM32N6xx_HAL_Driver/stm32n6xx_hal_rcc_ex.o
 .text.RCCEx_GetOTGPHYCKREFCLKFreq
                0x3418c4fc       0xa0 ./Drivers/STM32N6xx_HAL_Driver/stm32n6xx_hal_rcc_ex.o
 .text.RCCEx_GetXSPICLKFreq
                0x3418c59c      0x220 ./Drivers/STM32N6xx_HAL_Driver/stm32n6xx_hal_rcc_ex.o
 .text.LL_AHB5_GRP1_IsEnabledClock
                0x3418c7bc       0x30 ./Drivers/STM32N6xx_HAL_Driver/stm32n6xx_hal_xspi.o
 .text.HAL_XSPI_Init
                0x3418c7ec      0x224 ./Drivers/STM32N6xx_HAL_Driver/stm32n6xx_hal_xspi.o
                0x3418c7ec                HAL_XSPI_Init
 .text.HAL_XSPI_Command
                0x3418ca10      0x120 ./Drivers/STM32N6xx_HAL_Driver/stm32n6xx_hal_xspi.o
                0x3418ca10                HAL_XSPI_Command
 .text.HAL_XSPI_HyperbusCfg
                0x3418cb30       0x84 ./Drivers/STM32N6xx_HAL_Driver/stm32n6xx_hal_xspi.o
                0x3418cb30                HAL_XSPI_HyperbusCfg
 .text.HAL_XSPI_HyperbusCmd
                0x3418cbb4       0xdc ./Drivers/STM32N6xx_HAL_Driver/stm32n6xx_hal_xspi.o
                0x3418cbb4                HAL_XSPI_HyperbusCmd
 .text.HAL_XSPI_Transmit
                0x3418cc90       0xe6 ./Drivers/STM32N6xx_HAL_Driver/stm32n6xx_hal_xspi.o
                0x3418cc90                HAL_XSPI_Transmit
 .text.HAL_XSPI_Receive
                0x3418cd76      0x146 ./Drivers/STM32N6xx_HAL_Driver/stm32n6xx_hal_xspi.o
                0x3418cd76                HAL_XSPI_Receive
 .text.HAL_XSPI_AutoPolling
                0x3418cebc      0x114 ./Drivers/STM32N6xx_HAL_Driver/stm32n6xx_hal_xspi.o
                0x3418cebc                HAL_XSPI_AutoPolling
 .text.HAL_XSPI_MemoryMapped
                0x3418cfd0       0xd8 ./Drivers/STM32N6xx_HAL_Driver/stm32n6xx_hal_xspi.o
                0x3418cfd0                HAL_XSPI_MemoryMapped
 .text.HAL_XSPI_Abort
                0x3418d0a8      0x10e ./Drivers/STM32N6xx_HAL_Driver/stm32n6xx_hal_xspi.o
                0x3418d0a8                HAL_XSPI_Abort
 .text.HAL_XSPI_SetClockPrescaler
                0x3418d1b6       0x50 ./Drivers/STM32N6xx_HAL_Driver/stm32n6xx_hal_xspi.o
                0x3418d1b6                HAL_XSPI_SetClockPrescaler
 .text.HAL_XSPI_SetTimeout
                0x3418d206       0x1e ./Drivers/STM32N6xx_HAL_Driver/stm32n6xx_hal_xspi.o
                0x3418d206                HAL_XSPI_SetTimeout
 .text.HAL_XSPIM_Config
                0x3418d224      0x258 ./Drivers/STM32N6xx_HAL_Driver/stm32n6xx_hal_xspi.o
                0x3418d224                HAL_XSPIM_Config
 .text.XSPI_WaitFlagStateUntilTimeout
                0x3418d47c       0x6c ./Drivers/STM32N6xx_HAL_Driver/stm32n6xx_hal_xspi.o
 .text.XSPI_ConfigCmd
                0x3418d4e8      0x334 ./Drivers/STM32N6xx_HAL_Driver/stm32n6xx_hal_xspi.o
 .text.XSPIM_GetConfig
                0x3418d81c       0xc8 ./Drivers/STM32N6xx_HAL_Driver/stm32n6xx_hal_xspi.o
 .text.BOOT_Application
                0x3418d8e4       0x26 ./Middlewares/ST/STM32_ExtMem_Manager/stm32_boot_xip.o
                0x3418d8e4                BOOT_Application
 .text.MapMemory
                0x3418d90a       0x5c ./Middlewares/ST/STM32_ExtMem_Manager/stm32_boot_xip.o
                0x3418d90a                MapMemory
 *fill*         0x3418d966        0x2 
 .text.JumpToApplication
                0x3418d968      0x144 ./Middlewares/ST/STM32_ExtMem_Manager/stm32_boot_xip.o
                0x3418d968                JumpToApplication
 .text.EXTMEM_Init
                0x3418daac       0x84 ./Middlewares/ST/STM32_ExtMem_Manager/stm32_extmem.o
                0x3418daac                EXTMEM_Init
 .text.EXTMEM_DeInit
                0x3418db30       0x7c ./Middlewares/ST/STM32_ExtMem_Manager/stm32_extmem.o
                0x3418db30                EXTMEM_DeInit
 .text.EXTMEM_MemoryMappedMode
                0x3418dbac       0xb0 ./Middlewares/ST/STM32_ExtMem_Manager/stm32_extmem.o
                0x3418dbac                EXTMEM_MemoryMappedMode
 .text.EXTMEM_GetMapAddress
                0x3418dc5c       0x78 ./Middlewares/ST/STM32_ExtMem_Manager/stm32_extmem.o
                0x3418dc5c                EXTMEM_GetMapAddress
 .text.memset   0x3418dcd4       0x10 D:/App/STM32CubeIDE/plugins/com.st.stm32cube.ide.mcu.externaltools.gnu-tools-for-stm32.12.3.rel1.win32_1.1.0.202410251130/tools/bin/../lib/gcc/arm-none-eabi/12.3.1/../../../../arm-none-eabi/lib/thumb/v8-m.main+dp/hard\libc_nano.a(libc_a-memset.o)
                0x3418dcd4                memset
 .text.__libc_init_array
                0x3418dce4       0x48 D:/App/STM32CubeIDE/plugins/com.st.stm32cube.ide.mcu.externaltools.gnu-tools-for-stm32.12.3.rel1.win32_1.1.0.202410251130/tools/bin/../lib/gcc/arm-none-eabi/12.3.1/../../../../arm-none-eabi/lib/thumb/v8-m.main+dp/hard\libc_nano.a(libc_a-init.o)
                0x3418dce4                __libc_init_array
 .text.memcpy   0x3418dd2c       0x1a D:/App/STM32CubeIDE/plugins/com.st.stm32cube.ide.mcu.externaltools.gnu-tools-for-stm32.12.3.rel1.win32_1.1.0.202410251130/tools/bin/../lib/gcc/arm-none-eabi/12.3.1/../../../../arm-none-eabi/lib/thumb/v8-m.main+dp/hard\libc_nano.a(libc_a-memcpy-stub.o)
                0x3418dd2c                memcpy
 *(.glue_7)
 .glue_7        0x3418dd46        0x0 linker stubs
 *(.glue_7t)
 .glue_7t       0x3418dd46        0x0 linker stubs
 *(.eh_frame)
 *fill*         0x3418dd46        0x2 
 .eh_frame      0x3418dd48        0x0 D:/App/STM32CubeIDE/plugins/com.st.stm32cube.ide.mcu.externaltools.gnu-tools-for-stm32.12.3.rel1.win32_1.1.0.202410251130/tools/bin/../lib/gcc/arm-none-eabi/12.3.1/thumb/v8-m.main+dp/hard/crtbegin.o
 *(.RamFunc)
 *(.RamFunc*)
 *(.init)
 .init          0x3418dd48        0x4 D:/App/STM32CubeIDE/plugins/com.st.stm32cube.ide.mcu.externaltools.gnu-tools-for-stm32.12.3.rel1.win32_1.1.0.202410251130/tools/bin/../lib/gcc/arm-none-eabi/12.3.1/thumb/v8-m.main+dp/hard/crti.o
                0x3418dd48                _init
 .init          0x3418dd4c        0x8 D:/App/STM32CubeIDE/plugins/com.st.stm32cube.ide.mcu.externaltools.gnu-tools-for-stm32.12.3.rel1.win32_1.1.0.202410251130/tools/bin/../lib/gcc/arm-none-eabi/12.3.1/thumb/v8-m.main+dp/hard/crtn.o
 *(.fini)
 .fini          0x3418dd54        0x4 D:/App/STM32CubeIDE/plugins/com.st.stm32cube.ide.mcu.externaltools.gnu-tools-for-stm32.12.3.rel1.win32_1.1.0.202410251130/tools/bin/../lib/gcc/arm-none-eabi/12.3.1/thumb/v8-m.main+dp/hard/crti.o
                0x3418dd54                _fini
 .fini          0x3418dd58        0x8 D:/App/STM32CubeIDE/plugins/com.st.stm32cube.ide.mcu.externaltools.gnu-tools-for-stm32.12.3.rel1.win32_1.1.0.202410251130/tools/bin/../lib/gcc/arm-none-eabi/12.3.1/thumb/v8-m.main+dp/hard/crtn.o
                0x3418dd60                        . = ALIGN (0x4)
                0x3418dd60                        _etext = .

.vfp11_veneer   0x3418dd60        0x0
 .vfp11_veneer  0x3418dd60        0x0 linker stubs

.v4_bx          0x3418dd60        0x0
 .v4_bx         0x3418dd60        0x0 linker stubs

.iplt           0x3418dd60        0x0
 .iplt          0x3418dd60        0x0 D:/App/STM32CubeIDE/plugins/com.st.stm32cube.ide.mcu.externaltools.gnu-tools-for-stm32.12.3.rel1.win32_1.1.0.202410251130/tools/bin/../lib/gcc/arm-none-eabi/12.3.1/thumb/v8-m.main+dp/hard/crtbegin.o

.rodata         0x3418dd60        0x4
                0x3418dd60                        . = ALIGN (0x4)
 *(.rodata)
 .rodata        0x3418dd60        0x3 ./Drivers/BSP/Src/NORFlash/norflash.o
 *(.rodata*)
                0x3418dd64                        . = ALIGN (0x4)
 *fill*         0x3418dd63        0x1 

.ARM.extab      0x3418dd64        0x0
                0x3418dd64                        . = ALIGN (0x4)
 *(.ARM.extab* .gnu.linkonce.armextab.*)
                0x3418dd64                        . = ALIGN (0x4)

.ARM            0x3418dd64        0x0
                0x3418dd64                        . = ALIGN (0x4)
                0x3418dd64                        __exidx_start = .
 *(.ARM.exidx*)
                0x3418dd64                        __exidx_end = .
                0x3418dd64                        . = ALIGN (0x4)

.preinit_array  0x3418dd64        0x0
                0x3418dd64                        . = ALIGN (0x4)
                0x3418dd64                        PROVIDE (__preinit_array_start = .)
 *(.preinit_array*)
                0x3418dd64                        PROVIDE (__preinit_array_end = .)
                0x3418dd64                        . = ALIGN (0x4)

.init_array     0x3418dd64        0x4
                0x3418dd64                        . = ALIGN (0x4)
                0x3418dd64                        PROVIDE (__init_array_start = .)
 *(SORT_BY_NAME(.init_array.*))
 *(.init_array*)
 .init_array    0x3418dd64        0x4 D:/App/STM32CubeIDE/plugins/com.st.stm32cube.ide.mcu.externaltools.gnu-tools-for-stm32.12.3.rel1.win32_1.1.0.202410251130/tools/bin/../lib/gcc/arm-none-eabi/12.3.1/thumb/v8-m.main+dp/hard/crtbegin.o
                0x3418dd68                        PROVIDE (__init_array_end = .)
                0x3418dd68                        . = ALIGN (0x4)

.fini_array     0x3418dd68        0x4
                0x3418dd68                        . = ALIGN (0x4)
                [!provide]                        PROVIDE (__fini_array_start = .)
 *(SORT_BY_NAME(.fini_array.*))
 *(.fini_array*)
 .fini_array    0x3418dd68        0x4 D:/App/STM32CubeIDE/plugins/com.st.stm32cube.ide.mcu.externaltools.gnu-tools-for-stm32.12.3.rel1.win32_1.1.0.202410251130/tools/bin/../lib/gcc/arm-none-eabi/12.3.1/thumb/v8-m.main+dp/hard/crtbegin.o
                [!provide]                        PROVIDE (__fini_array_end = .)
                0x3418dd6c                        . = ALIGN (0x4)
                0x3418dd6c                        _sidata = LOADADDR (.data)

.rel.dyn        0x3418dd6c        0x0
 .rel.iplt      0x3418dd6c        0x0 D:/App/STM32CubeIDE/plugins/com.st.stm32cube.ide.mcu.externaltools.gnu-tools-for-stm32.12.3.rel1.win32_1.1.0.202410251130/tools/bin/../lib/gcc/arm-none-eabi/12.3.1/thumb/v8-m.main+dp/hard/crtbegin.o

.data           0x341c0000        0xc load address 0x3418dd6c
                0x341c0000                        . = ALIGN (0x4)
                0x341c0000                        _sdata = .
 *(.data)
 *(.data*)
 .data.SystemCoreClock
                0x341c0000        0x4 ./Drivers/CMSIS/system_stm32n6xx_fsbl.o
                0x341c0000                SystemCoreClock
 .data.uwTickPrio
                0x341c0004        0x4 ./Drivers/STM32N6xx_HAL_Driver/stm32n6xx_hal.o
                0x341c0004                uwTickPrio
 .data.uwTickFreq
                0x341c0008        0x1 ./Drivers/STM32N6xx_HAL_Driver/stm32n6xx_hal.o
                0x341c0008                uwTickFreq
                0x341c000c                        . = ALIGN (0x4)
 *fill*         0x341c0009        0x3 
                0x341c000c                        _edata = .

.igot.plt       0x341c000c        0x0 load address 0x3418dd78
 .igot.plt      0x341c000c        0x0 D:/App/STM32CubeIDE/plugins/com.st.stm32cube.ide.mcu.externaltools.gnu-tools-for-stm32.12.3.rel1.win32_1.1.0.202410251130/tools/bin/../lib/gcc/arm-none-eabi/12.3.1/thumb/v8-m.main+dp/hard/crtbegin.o

.noncacheable   0x341c000c        0x4 load address 0x3418dd78
                0x341c0010                        . = ALIGN (0x8)
 *fill*         0x341c000c        0x4 
                0x341c0010                        __snoncacheable = .
 *(.noncacheable)
                0x341c0010                        . = ALIGN (0x8)
                0x341c0010                        __enoncacheable = .

.gnu.sgstubs    0x3418dd80       0x20
                0x3418dd80                        . = ALIGN (0x4)
 *(.gnu.sgstubs*)
                0x3418dd80                        . = ALIGN (0x4)
 .gnu.sgstubs.__stub
                0x3418dd80        0x8 linker stubs
                0x3418dd80                SECURE_SystemCoreClockUpdate
                0x3418dd88                        . = ALIGN (0x4)

.bss            0x341c0010      0x198
                0x341c0010                        _sbss = .
                0x341c0010                        __bss_start__ = _sbss
 *(.bss)
 .bss           0x341c0010       0x1c D:/App/STM32CubeIDE/plugins/com.st.stm32cube.ide.mcu.externaltools.gnu-tools-for-stm32.12.3.rel1.win32_1.1.0.202410251130/tools/bin/../lib/gcc/arm-none-eabi/12.3.1/thumb/v8-m.main+dp/hard/crtbegin.o
 *(.bss*)
 .bss.hxspi1    0x341c002c       0x64 ./Application/User/Core/main.o
                0x341c002c                hxspi1
 .bss.hxspi2    0x341c0090       0x64 ./Application/User/Core/main.o
                0x341c0090                hxspi2
 .bss.HyperRAMObject
                0x341c00f4       0x20 ./Application/User/Core/main.o
 .bss.HAL_RCC_XSPIM_CLK_ENABLED
                0x341c0114        0x4 ./Application/User/Core/stm32n6xx_hal_msp.o
 .bss.NORFlashObject
                0x341c0118       0x74 ./Drivers/BSP/Src/NORFlash/extmem_user_driver.o
                0x341c0118                NORFlashObject
 .bss.uwTick    0x341c018c        0x4 ./Drivers/STM32N6xx_HAL_Driver/stm32n6xx_hal.o
                0x341c018c                uwTick
 .bss.JumpToApp.0
                0x341c0190        0x4 ./Middlewares/ST/STM32_ExtMem_Manager/stm32_boot_xip.o
 .bss.extmem_list_config
                0x341c0194       0x14 ./Middlewares/ST/STM32_ExtMem_Manager/stm32_extmem.o
                0x341c0194                extmem_list_config
 *(COMMON)
                0x341c01a8                        . = ALIGN (0x4)
                0x341c01a8                        _ebss = .
                0x341c01a8                        __bss_end__ = _ebss

._user_heap_stack
                0x341c01a8      0xa00
                0x341c01a8                        . = ALIGN (0x8)
                [!provide]                        PROVIDE (end = .)
                0x341c01a8                        PROVIDE (_end = .)
                0x341c03a8                        . = (. + _Min_Heap_Size)
 *fill*         0x341c01a8      0x200 
                0x341c0ba8                        . = (. + _Min_Stack_Size)
 *fill*         0x341c03a8      0x800 
                0x341c0ba8                        . = ALIGN (0x8)

/DISCARD/
 libc.a(*)
 libm.a(*)
 libgcc.a(*)

.ARM.attributes
                0x00000000       0x3a
 *(.ARM.attributes)
 .ARM.attributes
                0x00000000       0x24 D:/App/STM32CubeIDE/plugins/com.st.stm32cube.ide.mcu.externaltools.gnu-tools-for-stm32.12.3.rel1.win32_1.1.0.202410251130/tools/bin/../lib/gcc/arm-none-eabi/12.3.1/thumb/v8-m.main+dp/hard/crti.o
 .ARM.attributes
                0x00000024       0x36 D:/App/STM32CubeIDE/plugins/com.st.stm32cube.ide.mcu.externaltools.gnu-tools-for-stm32.12.3.rel1.win32_1.1.0.202410251130/tools/bin/../lib/gcc/arm-none-eabi/12.3.1/thumb/v8-m.main+dp/hard/crtbegin.o
 .ARM.attributes
                0x0000005a       0x3e ./Application/User/Core/extmem_manager.o
 .ARM.attributes
                0x00000098       0x3e ./Application/User/Core/main.o
 .ARM.attributes
                0x000000d6       0x3e ./Application/User/Core/stm32n6xx_hal_msp.o
 .ARM.attributes
                0x00000114       0x3e ./Application/User/Core/stm32n6xx_it.o
 .ARM.attributes
                0x00000152       0x22 ./Application/User/Startup/startup_stm32n647x0hxq_fsbl.o
 .ARM.attributes
                0x00000174       0x3e ./Drivers/BSP/Src/HyperRAM/hyperram.o
 .ARM.attributes
                0x000001b2       0x3e ./Drivers/BSP/Src/NORFlash/extmem_user_driver.o
 .ARM.attributes
                0x000001f0       0x3e ./Drivers/BSP/Src/NORFlash/norflash.o
 .ARM.attributes
                0x0000022e       0x3e ./Drivers/BSP/Src/NORFlash/norflash_by25fq128el.o
 .ARM.attributes
                0x0000026c       0x3e ./Drivers/BSP/Src/NORFlash/norflash_mx25um25645g.o
 .ARM.attributes
                0x000002aa       0x3e ./Drivers/BSP/Src/NORFlash/norflash_xspi.o
 .ARM.attributes
                0x000002e8       0x3e ./Drivers/CMSIS/system_stm32n6xx_fsbl.o
 .ARM.attributes
                0x00000326       0x3e ./Drivers/STM32N6xx_HAL_Driver/stm32n6xx_hal.o
 .ARM.attributes
                0x00000364       0x3e ./Drivers/STM32N6xx_HAL_Driver/stm32n6xx_hal_cortex.o
 .ARM.attributes
                0x000003a2       0x3e ./Drivers/STM32N6xx_HAL_Driver/stm32n6xx_hal_dma.o
 .ARM.attributes
                0x000003e0       0x3e ./Drivers/STM32N6xx_HAL_Driver/stm32n6xx_hal_gpio.o
 .ARM.attributes
                0x0000041e       0x3e ./Drivers/STM32N6xx_HAL_Driver/stm32n6xx_hal_pwr_ex.o
 .ARM.attributes
                0x0000045c       0x3e ./Drivers/STM32N6xx_HAL_Driver/stm32n6xx_hal_rcc.o
 .ARM.attributes
                0x0000049a       0x3e ./Drivers/STM32N6xx_HAL_Driver/stm32n6xx_hal_rcc_ex.o
 .ARM.attributes
                0x000004d8       0x3e ./Drivers/STM32N6xx_HAL_Driver/stm32n6xx_hal_xspi.o
 .ARM.attributes
                0x00000516       0x3e ./Middlewares/ST/STM32_ExtMem_Manager/stm32_boot_xip.o
 .ARM.attributes
                0x00000554       0x3e ./Middlewares/ST/STM32_ExtMem_Manager/stm32_extmem.o
 .ARM.attributes
                0x00000592       0x36 D:/App/STM32CubeIDE/plugins/com.st.stm32cube.ide.mcu.externaltools.gnu-tools-for-stm32.12.3.rel1.win32_1.1.0.202410251130/tools/bin/../lib/gcc/arm-none-eabi/12.3.1/../../../../arm-none-eabi/lib/thumb/v8-m.main+dp/hard\libc_nano.a(libc_a-memset.o)
 .ARM.attributes
                0x000005c8       0x36 D:/App/STM32CubeIDE/plugins/com.st.stm32cube.ide.mcu.externaltools.gnu-tools-for-stm32.12.3.rel1.win32_1.1.0.202410251130/tools/bin/../lib/gcc/arm-none-eabi/12.3.1/../../../../arm-none-eabi/lib/thumb/v8-m.main+dp/hard\libc_nano.a(libc_a-init.o)
 .ARM.attributes
                0x000005fe       0x36 D:/App/STM32CubeIDE/plugins/com.st.stm32cube.ide.mcu.externaltools.gnu-tools-for-stm32.12.3.rel1.win32_1.1.0.202410251130/tools/bin/../lib/gcc/arm-none-eabi/12.3.1/../../../../arm-none-eabi/lib/thumb/v8-m.main+dp/hard\libc_nano.a(libc_a-memcpy-stub.o)
 .ARM.attributes
                0x00000634       0x24 D:/App/STM32CubeIDE/plugins/com.st.stm32cube.ide.mcu.externaltools.gnu-tools-for-stm32.12.3.rel1.win32_1.1.0.202410251130/tools/bin/../lib/gcc/arm-none-eabi/12.3.1/thumb/v8-m.main+dp/hard/crtn.o
OUTPUT(AI_Steel_Detection_FSBL.elf elf32-littlearm)
LOAD linker stubs
LOAD D:/App/STM32CubeIDE/plugins/com.st.stm32cube.ide.mcu.externaltools.gnu-tools-for-stm32.12.3.rel1.win32_1.1.0.202410251130/tools/bin/../lib/gcc/arm-none-eabi/12.3.1/../../../../arm-none-eabi/lib/thumb/v8-m.main+dp/hard\libc.a
LOAD D:/App/STM32CubeIDE/plugins/com.st.stm32cube.ide.mcu.externaltools.gnu-tools-for-stm32.12.3.rel1.win32_1.1.0.202410251130/tools/bin/../lib/gcc/arm-none-eabi/12.3.1/../../../../arm-none-eabi/lib/thumb/v8-m.main+dp/hard\libm.a
LOAD D:/App/STM32CubeIDE/plugins/com.st.stm32cube.ide.mcu.externaltools.gnu-tools-for-stm32.12.3.rel1.win32_1.1.0.202410251130/tools/bin/../lib/gcc/arm-none-eabi/12.3.1/thumb/v8-m.main+dp/hard\libgcc.a

.debug_info     0x00000000    0x1bc51
 .debug_info    0x00000000      0x26b ./Application/User/Core/extmem_manager.o
 .debug_info    0x0000026b     0x2645 ./Application/User/Core/main.o
 .debug_info    0x000028b0     0x228b ./Application/User/Core/stm32n6xx_hal_msp.o
 .debug_info    0x00004b3b      0x138 ./Application/User/Core/stm32n6xx_it.o
 .debug_info    0x00004c73       0x30 ./Application/User/Startup/startup_stm32n647x0hxq_fsbl.o
 .debug_info    0x00004ca3      0xe88 ./Drivers/BSP/Src/HyperRAM/hyperram.o
 .debug_info    0x00005b2b     0x1133 ./Drivers/BSP/Src/NORFlash/extmem_user_driver.o
 .debug_info    0x00006c5e     0x1288 ./Drivers/BSP/Src/NORFlash/norflash.o
 .debug_info    0x00007ee6      0xe7e ./Drivers/BSP/Src/NORFlash/norflash_by25fq128el.o
 .debug_info    0x00008d64      0xdbf ./Drivers/BSP/Src/NORFlash/norflash_mx25um25645g.o
 .debug_info    0x00009b23     0x1292 ./Drivers/BSP/Src/NORFlash/norflash_xspi.o
 .debug_info    0x0000adb5     0x1a83 ./Drivers/CMSIS/system_stm32n6xx_fsbl.o
 .debug_info    0x0000c838     0x2760 ./Drivers/STM32N6xx_HAL_Driver/stm32n6xx_hal.o
 .debug_info    0x0000ef98     0x1461 ./Drivers/STM32N6xx_HAL_Driver/stm32n6xx_hal_cortex.o
 .debug_info    0x000103f9      0xbfa ./Drivers/STM32N6xx_HAL_Driver/stm32n6xx_hal_dma.o
 .debug_info    0x00010ff3      0xafd ./Drivers/STM32N6xx_HAL_Driver/stm32n6xx_hal_gpio.o
 .debug_info    0x00011af0      0xd08 ./Drivers/STM32N6xx_HAL_Driver/stm32n6xx_hal_pwr_ex.o
 .debug_info    0x000127f8     0x20fd ./Drivers/STM32N6xx_HAL_Driver/stm32n6xx_hal_rcc.o
 .debug_info    0x000148f5     0x382a ./Drivers/STM32N6xx_HAL_Driver/stm32n6xx_hal_rcc_ex.o
 .debug_info    0x0001811f     0x2bf1 ./Drivers/STM32N6xx_HAL_Driver/stm32n6xx_hal_xspi.o
 .debug_info    0x0001ad10      0x78b ./Middlewares/ST/STM32_ExtMem_Manager/stm32_boot_xip.o
 .debug_info    0x0001b49b      0x7b6 ./Middlewares/ST/STM32_ExtMem_Manager/stm32_extmem.o

.debug_abbrev   0x00000000     0x2f02
 .debug_abbrev  0x00000000      0x10c ./Application/User/Core/extmem_manager.o
 .debug_abbrev  0x0000010c      0x366 ./Application/User/Core/main.o
 .debug_abbrev  0x00000472      0x267 ./Application/User/Core/stm32n6xx_hal_msp.o
 .debug_abbrev  0x000006d9       0x73 ./Application/User/Core/stm32n6xx_it.o
 .debug_abbrev  0x0000074c       0x24 ./Application/User/Startup/startup_stm32n647x0hxq_fsbl.o
 .debug_abbrev  0x00000770      0x224 ./Drivers/BSP/Src/HyperRAM/hyperram.o
 .debug_abbrev  0x00000994      0x223 ./Drivers/BSP/Src/NORFlash/extmem_user_driver.o
 .debug_abbrev  0x00000bb7      0x28c ./Drivers/BSP/Src/NORFlash/norflash.o
 .debug_abbrev  0x00000e43      0x1bd ./Drivers/BSP/Src/NORFlash/norflash_by25fq128el.o
 .debug_abbrev  0x00001000      0x198 ./Drivers/BSP/Src/NORFlash/norflash_mx25um25645g.o
 .debug_abbrev  0x00001198      0x291 ./Drivers/BSP/Src/NORFlash/norflash_xspi.o
 .debug_abbrev  0x00001429      0x164 ./Drivers/CMSIS/system_stm32n6xx_fsbl.o
 .debug_abbrev  0x0000158d      0x2bc ./Drivers/STM32N6xx_HAL_Driver/stm32n6xx_hal.o
 .debug_abbrev  0x00001849      0x316 ./Drivers/STM32N6xx_HAL_Driver/stm32n6xx_hal_cortex.o
 .debug_abbrev  0x00001b5f      0x1dd ./Drivers/STM32N6xx_HAL_Driver/stm32n6xx_hal_dma.o
 .debug_abbrev  0x00001d3c      0x24d ./Drivers/STM32N6xx_HAL_Driver/stm32n6xx_hal_gpio.o
 .debug_abbrev  0x00001f89      0x265 ./Drivers/STM32N6xx_HAL_Driver/stm32n6xx_hal_pwr_ex.o
 .debug_abbrev  0x000021ee      0x36a ./Drivers/STM32N6xx_HAL_Driver/stm32n6xx_hal_rcc.o
 .debug_abbrev  0x00002558      0x2ea ./Drivers/STM32N6xx_HAL_Driver/stm32n6xx_hal_rcc_ex.o
 .debug_abbrev  0x00002842      0x2b7 ./Drivers/STM32N6xx_HAL_Driver/stm32n6xx_hal_xspi.o
 .debug_abbrev  0x00002af9      0x231 ./Middlewares/ST/STM32_ExtMem_Manager/stm32_boot_xip.o
 .debug_abbrev  0x00002d2a      0x1d8 ./Middlewares/ST/STM32_ExtMem_Manager/stm32_extmem.o

.debug_aranges  0x00000000     0x1888
 .debug_aranges
                0x00000000       0x20 ./Application/User/Core/extmem_manager.o
 .debug_aranges
                0x00000020       0x50 ./Application/User/Core/main.o
 .debug_aranges
                0x00000070       0x48 ./Application/User/Core/stm32n6xx_hal_msp.o
 .debug_aranges
                0x000000b8       0x68 ./Application/User/Core/stm32n6xx_it.o
 .debug_aranges
                0x00000120       0x28 ./Application/User/Startup/startup_stm32n647x0hxq_fsbl.o
 .debug_aranges
                0x00000148       0x60 ./Drivers/BSP/Src/HyperRAM/hyperram.o
 .debug_aranges
                0x000001a8       0x68 ./Drivers/BSP/Src/NORFlash/extmem_user_driver.o
 .debug_aranges
                0x00000210       0x78 ./Drivers/BSP/Src/NORFlash/norflash.o
 .debug_aranges
                0x00000288       0x30 ./Drivers/BSP/Src/NORFlash/norflash_by25fq128el.o
 .debug_aranges
                0x000002b8       0x20 ./Drivers/BSP/Src/NORFlash/norflash_mx25um25645g.o
 .debug_aranges
                0x000002d8       0x80 ./Drivers/BSP/Src/NORFlash/norflash_xspi.o
 .debug_aranges
                0x00000358       0x30 ./Drivers/CMSIS/system_stm32n6xx_fsbl.o
 .debug_aranges
                0x00000388      0x3c0 ./Drivers/STM32N6xx_HAL_Driver/stm32n6xx_hal.o
 .debug_aranges
                0x00000748      0x178 ./Drivers/STM32N6xx_HAL_Driver/stm32n6xx_hal_cortex.o
 .debug_aranges
                0x000008c0       0xb8 ./Drivers/STM32N6xx_HAL_Driver/stm32n6xx_hal_dma.o
 .debug_aranges
                0x00000978       0xa8 ./Drivers/STM32N6xx_HAL_Driver/stm32n6xx_hal_gpio.o
 .debug_aranges
                0x00000a20      0x260 ./Drivers/STM32N6xx_HAL_Driver/stm32n6xx_hal_pwr_ex.o
 .debug_aranges
                0x00000c80      0x280 ./Drivers/STM32N6xx_HAL_Driver/stm32n6xx_hal_rcc.o
 .debug_aranges
                0x00000f00      0x750 ./Drivers/STM32N6xx_HAL_Driver/stm32n6xx_hal_rcc_ex.o
 .debug_aranges
                0x00001650      0x1a0 ./Drivers/STM32N6xx_HAL_Driver/stm32n6xx_hal_xspi.o
 .debug_aranges
                0x000017f0       0x30 ./Middlewares/ST/STM32_ExtMem_Manager/stm32_boot_xip.o
 .debug_aranges
                0x00001820       0x68 ./Middlewares/ST/STM32_ExtMem_Manager/stm32_extmem.o

.debug_rnglists
                0x00000000     0x127b
 .debug_rnglists
                0x00000000       0x13 ./Application/User/Core/extmem_manager.o
 .debug_rnglists
                0x00000013       0x3b ./Application/User/Core/main.o
 .debug_rnglists
                0x0000004e       0x33 ./Application/User/Core/stm32n6xx_hal_msp.o
 .debug_rnglists
                0x00000081       0x49 ./Application/User/Core/stm32n6xx_it.o
 .debug_rnglists
                0x000000ca       0x19 ./Application/User/Startup/startup_stm32n647x0hxq_fsbl.o
 .debug_rnglists
                0x000000e3       0x44 ./Drivers/BSP/Src/HyperRAM/hyperram.o
 .debug_rnglists
                0x00000127       0x49 ./Drivers/BSP/Src/NORFlash/extmem_user_driver.o
 .debug_rnglists
                0x00000170       0x59 ./Drivers/BSP/Src/NORFlash/norflash.o
 .debug_rnglists
                0x000001c9       0x20 ./Drivers/BSP/Src/NORFlash/norflash_by25fq128el.o
 .debug_rnglists
                0x000001e9       0x14 ./Drivers/BSP/Src/NORFlash/norflash_mx25um25645g.o
 .debug_rnglists
                0x000001fd       0x64 ./Drivers/BSP/Src/NORFlash/norflash_xspi.o
 .debug_rnglists
                0x00000261       0x21 ./Drivers/CMSIS/system_stm32n6xx_fsbl.o
 .debug_rnglists
                0x00000282      0x2ce ./Drivers/STM32N6xx_HAL_Driver/stm32n6xx_hal.o
 .debug_rnglists
                0x00000550      0x115 ./Drivers/STM32N6xx_HAL_Driver/stm32n6xx_hal_cortex.o
 .debug_rnglists
                0x00000665       0x91 ./Drivers/STM32N6xx_HAL_Driver/stm32n6xx_hal_dma.o
 .debug_rnglists
                0x000006f6       0x80 ./Drivers/STM32N6xx_HAL_Driver/stm32n6xx_hal_gpio.o
 .debug_rnglists
                0x00000776      0x1c9 ./Drivers/STM32N6xx_HAL_Driver/stm32n6xx_hal_pwr_ex.o
 .debug_rnglists
                0x0000093f      0x1e9 ./Drivers/STM32N6xx_HAL_Driver/stm32n6xx_hal_rcc.o
 .debug_rnglists
                0x00000b28      0x59b ./Drivers/STM32N6xx_HAL_Driver/stm32n6xx_hal_rcc_ex.o
 .debug_rnglists
                0x000010c3      0x149 ./Drivers/STM32N6xx_HAL_Driver/stm32n6xx_hal_xspi.o
 .debug_rnglists
                0x0000120c       0x20 ./Middlewares/ST/STM32_ExtMem_Manager/stm32_boot_xip.o
 .debug_rnglists
                0x0000122c       0x4f ./Middlewares/ST/STM32_ExtMem_Manager/stm32_extmem.o

.debug_macro    0x00000000    0x50ecb
 .debug_macro   0x00000000      0x2ee ./Application/User/Core/extmem_manager.o
 .debug_macro   0x000002ee      0xb38 ./Application/User/Core/extmem_manager.o
 .debug_macro   0x00000e26       0x2e ./Application/User/Core/extmem_manager.o
 .debug_macro   0x00000e54      0x1bd ./Application/User/Core/extmem_manager.o
 .debug_macro   0x00001011      0x189 ./Application/User/Core/extmem_manager.o
 .debug_macro   0x0000119a       0x63 ./Application/User/Core/extmem_manager.o
 .debug_macro   0x000011fd       0x2e ./Application/User/Core/extmem_manager.o
 .debug_macro   0x0000122b       0x6c ./Application/User/Core/extmem_manager.o
 .debug_macro   0x00001297       0x22 ./Application/User/Core/extmem_manager.o
 .debug_macro   0x000012b9       0x8e ./Application/User/Core/extmem_manager.o
 .debug_macro   0x00001347       0x51 ./Application/User/Core/extmem_manager.o
 .debug_macro   0x00001398      0x103 ./Application/User/Core/extmem_manager.o
 .debug_macro   0x0000149b       0x6a ./Application/User/Core/extmem_manager.o
 .debug_macro   0x00001505      0x1df ./Application/User/Core/extmem_manager.o
 .debug_macro   0x000016e4       0x1c ./Application/User/Core/extmem_manager.o
 .debug_macro   0x00001700       0x28 ./Application/User/Core/extmem_manager.o
 .debug_macro   0x00001728      0x110 ./Application/User/Core/extmem_manager.o
 .debug_macro   0x00001838     0x2dc3 ./Application/User/Core/extmem_manager.o
 .debug_macro   0x000045fb       0x64 ./Application/User/Core/extmem_manager.o
 .debug_macro   0x0000465f      0x346 ./Application/User/Core/extmem_manager.o
 .debug_macro   0x000049a5       0x97 ./Application/User/Core/extmem_manager.o
 .debug_macro   0x00004a3c       0x22 ./Application/User/Core/extmem_manager.o
 .debug_macro   0x00004a5e    0x3cf3f ./Application/User/Core/extmem_manager.o
 .debug_macro   0x0004199d       0x6c ./Application/User/Core/extmem_manager.o
 .debug_macro   0x00041a09     0x346a ./Application/User/Core/extmem_manager.o
 .debug_macro   0x00044e73       0x61 ./Application/User/Core/extmem_manager.o
 .debug_macro   0x00044ed4       0x29 ./Application/User/Core/extmem_manager.o
 .debug_macro   0x00044efd       0x43 ./Application/User/Core/extmem_manager.o
 .debug_macro   0x00044f40       0x34 ./Application/User/Core/extmem_manager.o
 .debug_macro   0x00044f74       0x16 ./Application/User/Core/extmem_manager.o
 .debug_macro   0x00044f8a       0x43 ./Application/User/Core/extmem_manager.o
 .debug_macro   0x00044fcd       0x34 ./Application/User/Core/extmem_manager.o
 .debug_macro   0x00045001       0x10 ./Application/User/Core/extmem_manager.o
 .debug_macro   0x00045011       0x58 ./Application/User/Core/extmem_manager.o
 .debug_macro   0x00045069       0x8e ./Application/User/Core/extmem_manager.o
 .debug_macro   0x000450f7       0x1c ./Application/User/Core/extmem_manager.o
 .debug_macro   0x00045113      0x177 ./Application/User/Core/extmem_manager.o
 .debug_macro   0x0004528a      0x369 ./Application/User/Core/extmem_manager.o
 .debug_macro   0x000455f3      0x19b ./Application/User/Core/extmem_manager.o
 .debug_macro   0x0004578e       0x72 ./Application/User/Core/extmem_manager.o
 .debug_macro   0x00045800      0x47a ./Application/User/Core/extmem_manager.o
 .debug_macro   0x00045c7a     0x10f7 ./Application/User/Core/extmem_manager.o
 .debug_macro   0x00046d71     0x2772 ./Application/User/Core/extmem_manager.o
 .debug_macro   0x000494e3      0xfcd ./Application/User/Core/extmem_manager.o
 .debug_macro   0x0004a4b0      0x1af ./Application/User/Core/extmem_manager.o
 .debug_macro   0x0004a65f      0x2c9 ./Application/User/Core/extmem_manager.o
 .debug_macro   0x0004a928      0x2bd ./Application/User/Core/extmem_manager.o
 .debug_macro   0x0004abe5      0xa36 ./Application/User/Core/extmem_manager.o
 .debug_macro   0x0004b61b      0x7b2 ./Application/User/Core/extmem_manager.o
 .debug_macro   0x0004bdcd       0xeb ./Application/User/Core/extmem_manager.o
 .debug_macro   0x0004beb8      0x1ff ./Application/User/Core/extmem_manager.o
 .debug_macro   0x0004c0b7      0x36b ./Application/User/Core/extmem_manager.o
 .debug_macro   0x0004c422      0x303 ./Application/User/Core/extmem_manager.o
 .debug_macro   0x0004c725      0x46a ./Application/User/Core/extmem_manager.o
 .debug_macro   0x0004cb8f      0x71f ./Application/User/Core/extmem_manager.o
 .debug_macro   0x0004d2ae      0x5e6 ./Application/User/Core/extmem_manager.o